Archive member included because of file (symbol)

contiki-micaz.a(rs232.o)      coordenador.co (rs232_set_input)
contiki-micaz.a(contiki-micaz-m)
                              /usr/lib/gcc/avr/4.8.2/../../../avr/lib/avr51/crtm128.o (main)
contiki-micaz.a(init-net.o)   contiki-micaz.a(contiki-micaz-m) (init_net)
contiki-micaz.a(node-id.o)    contiki-micaz.a(contiki-micaz-m) (node_id_restore)
contiki-micaz.a(clock.o)      contiki-micaz.a(contiki-micaz-m) (clock_init)
contiki-micaz.a(ds2401.o)     contiki-micaz.a(contiki-micaz-m) (ds2401_init)
contiki-micaz.a(eeprom.o)     contiki-micaz.a(node-id.o) (eeprom_write)
contiki-micaz.a(random.o)     contiki-micaz.a(contiki-micaz-m) (random_init)
contiki-micaz.a(leds.o)       contiki-micaz.a(contiki-micaz-m) (leds_init)
contiki-micaz.a(autostart.o)  contiki-micaz.a(contiki-micaz-m) (autostart_start)
contiki-micaz.a(ctimer.o)     contiki-micaz.a(contiki-micaz-m) (ctimer_init)
contiki-micaz.a(etimer.o)     contiki-micaz.a(clock.o) (etimer_request_poll)
contiki-micaz.a(process.o)    contiki-micaz.a(ctimer.o) (process_current)
contiki-micaz.a(rtimer.o)     contiki-micaz.a(contiki-micaz-m) (rtimer_init)
contiki-micaz.a(timer.o)      contiki-micaz.a(etimer.o) (timer_set)
contiki-micaz.a(list.o)       contiki-micaz.a(ctimer.o) (list_init)
contiki-micaz.a(broadcast.o)  coordenador.co (broadcast_open)
contiki-micaz.a(channel.o)    contiki-micaz.a(broadcast.o) (channel_set_attributes)
contiki-micaz.a(rime.o)       contiki-micaz.a(init-net.o) (rime_driver)
contiki-micaz.a(unicast.o)    coordenador.co (unicast_open)
contiki-micaz.a(linkaddr.o)   contiki-micaz.a(init-net.o) (linkaddr_copy)
contiki-micaz.a(packetbuf.o)  contiki-micaz.a(rime.o) (packetbuf_compact)
contiki-micaz.a(queuebuf.o)   contiki-micaz.a(rime.o) (queuebuf_init)
contiki-micaz.a(csma.o)       contiki-micaz.a(init-net.o) (csma_driver)
contiki-micaz.a(mac.o)        contiki-micaz.a(csma.o) (mac_call_sent_callback)
contiki-micaz.a(cxmac.o)      contiki-micaz.a(init-net.o) (cxmac_driver)
contiki-micaz.a(nullsec.o)    contiki-micaz.a(rime.o) (nullsec_driver)
contiki-micaz.a(leds-arch.o)  contiki-micaz.a(leds.o) (leds_arch_init)
contiki-micaz.a(cc2420.o)     contiki-micaz.a(init-net.o) (cc2420_set_pan_addr)
contiki-micaz.a(cc2420-arch.o)
                              contiki-micaz.a(cc2420.o) (cc2420_arch_init)
contiki-micaz.a(rtimer-arch.o)
                              contiki-micaz.a(rtimer.o) (rtimer_arch_init)
contiki-micaz.a(watchdog.o)   contiki-micaz.a(cxmac.o) (watchdog_start)
contiki-micaz.a(compower.o)   contiki-micaz.a(cxmac.o) (compower_idle_activity)
contiki-micaz.a(energest.o)   contiki-micaz.a(compower.o) (energest_type_time)
contiki-micaz.a(memb.o)       contiki-micaz.a(queuebuf.o) (memb_init)
contiki-micaz.a(abc.o)        contiki-micaz.a(broadcast.o) (abc_open)
contiki-micaz.a(announcement.o)
                              contiki-micaz.a(rime.o) (announcement_init)
contiki-micaz.a(broadcast-annou)
                              contiki-micaz.a(rime.o) (broadcast_announcement_init)
contiki-micaz.a(chameleon.o)  contiki-micaz.a(rime.o) (chameleon_init)
contiki-micaz.a(framer-802154.o)
                              contiki-micaz.a(cxmac.o) (framer_802154)
contiki-micaz.a(framer.o)     contiki-micaz.a(framer-802154.o) (framer_canonical_create_and_secure)
contiki-micaz.a(spi.o)        contiki-micaz.a(cc2420-arch.o) (spi_init)
contiki-micaz.a(chameleon-bitop)
                              contiki-micaz.a(chameleon.o) (chameleon_bitopt)
contiki-micaz.a(frame802154.o)
                              contiki-micaz.a(framer-802154.o) (frame802154_hdrlen)
/usr/lib/gcc/avr/4.8.2/avr51/libgcc.a(_udivmodhi4.o)
                              contiki-micaz.a(init-net.o) (__udivmodhi4)
/usr/lib/gcc/avr/4.8.2/avr51/libgcc.a(_exit.o)
                              /usr/lib/gcc/avr/4.8.2/../../../avr/lib/avr51/crtm128.o (exit)
/usr/lib/gcc/avr/4.8.2/avr51/libgcc.a(_tablejump.o)
                              contiki-micaz.a(csma.o) (__tablejump2__)
/usr/lib/gcc/avr/4.8.2/avr51/libgcc.a(_copy_data.o)
                              coordenador.co (__do_copy_data)
/usr/lib/gcc/avr/4.8.2/avr51/libgcc.a(_clear_bss.o)
                              coordenador.co (__do_clear_bss)
/usr/lib/gcc/avr/4.8.2/../../../avr/lib/avr51/libc.a(rand.o)
                              contiki-micaz.a(random.o) (rand)
/usr/lib/gcc/avr/4.8.2/../../../avr/lib/avr51/libc.a(memcmp.o)
                              contiki-micaz.a(linkaddr.o) (memcmp)
/usr/lib/gcc/avr/4.8.2/../../../avr/lib/avr51/libc.a(memcpy.o)
                              contiki-micaz.a(packetbuf.o) (memcpy)
/usr/lib/gcc/avr/4.8.2/../../../avr/lib/avr51/libc.a(memset.o)
                              contiki-micaz.a(memb.o) (memset)
/usr/lib/gcc/avr/4.8.2/../../../avr/lib/avr51/libc.a(strcmp.o)
                              coordenador.co (strcmp)
/usr/lib/gcc/avr/4.8.2/../../../avr/lib/avr51/libc.a(iob.o)
                              contiki-micaz.a(rs232.o) (__iob)
[...]
Memory Configuration

Name             Origin             Length             Attributes
text             0x00000000         0x00020000         xr
data             0x00800100         0x0000ff00         rw !x
eeprom           0x00810000         0x00010000         rw !x
fuse             0x00820000         0x00000400         rw !x
lock             0x00830000         0x00000400         rw !x
signature        0x00840000         0x00000400         rw !x
user_signatures  0x00850000         0x00000400         rw !x
*default*        0x00000000         0xffffffff

Linker script and memory map

Address of section .data set to 0x800100
LOAD /usr/lib/gcc/avr/4.8.2/../../../avr/lib/avr51/crtm128.o
Address of section .bootloader set to 0x1f800
LOAD coordenador.co
LOAD contiki-micaz.a
START GROUP
LOAD /usr/lib/gcc/avr/4.8.2/avr51/libgcc.a
LOAD /usr/lib/gcc/avr/4.8.2/../../../avr/lib/avr51/libm.a
LOAD /usr/lib/gcc/avr/4.8.2/../../../avr/lib/avr51/libc.a
END GROUP

.hash
 *(.hash)

.dynsym
 *(.dynsym)

.dynstr
 *(.dynstr)

.gnu.version
 *(.gnu.version)

.gnu.version_d
 *(.gnu.version_d)

.gnu.version_r
 *(.gnu.version_r)

.rel.init
 *(.rel.init)

.rela.init
 *(.rela.init)

.rel.text
 *(.rel.text)
 *(.rel.text.*)
 *(.rel.gnu.linkonce.t*)

.rela.text
 *(.rela.text)
 *(.rela.text.*)
 *(.rela.gnu.linkonce.t*)

.rel.fini
 *(.rel.fini)

.rela.fini
 *(.rela.fini)

.rel.rodata
 *(.rel.rodata)
 *(.rel.rodata.*)
 *(.rel.gnu.linkonce.r*)

.rela.rodata
 *(.rela.rodata)
 *(.rela.rodata.*)
 *(.rela.gnu.linkonce.r*)

.rel.data
 *(.rel.data)
 *(.rel.data.*)
 *(.rel.gnu.linkonce.d*)

.rela.data
 *(.rela.data)
 *(.rela.data.*)
 *(.rela.gnu.linkonce.d*)

.rel.ctors
 *(.rel.ctors)

.rela.ctors
 *(.rela.ctors)

.rel.dtors
 *(.rel.dtors)

.rela.dtors
 *(.rela.dtors)

.rel.got
 *(.rel.got)

.rela.got
 *(.rela.got)

.rel.bss
 *(.rel.bss)

.rela.bss
 *(.rela.bss)

.rel.plt
 *(.rel.plt)

.rela.plt
 *(.rela.plt)

.text           0x00000000     0x4cb6
 *(.vectors)
 .vectors       0x00000000       0x8c /usr/lib/gcc/avr/4.8.2/../../../avr/lib/avr51/crtm128.o
                0x00000000                __vectors
                0x00000000                __vector_default
 *(.vectors)
 *(.progmem.gcc*)
 .progmem.gcc_sw_table.get_value
                0x0000008c       0x1c contiki-micaz.a(cc2420.o)
 *(.progmem*)
 .progmem.data.__c.3614
                0x000000a8       0x2f contiki-micaz.a(contiki-micaz-m)
 .progmem.data.__c.2561
                0x000000d7        0x4 contiki-micaz.a(init-net.o)
 .progmem.data.__c.2556
                0x000000db        0x4 contiki-micaz.a(init-net.o)
 .progmem.data.__c.2554
                0x000000df       0x1b contiki-micaz.a(init-net.o)
 .progmem.data.__c.2570
                0x000000fa       0x33 contiki-micaz.a(init-net.o)
 .progmem.data.__c.2568
                0x0000012d       0x2d contiki-micaz.a(init-net.o)
                0x0000015a                . = ALIGN (0x2)
                0x0000015a                __trampolines_start = .
 *(.trampolines)
 .trampolines   0x0000015a        0x0 linker stubs
 *(.trampolines*)
                0x0000015a                __trampolines_end = .
 *(.jumptables)
 *(.jumptables*)
 *(.lowtext)
 *(.lowtext*)
                0x0000015a                __ctors_start = .
 *(.ctors)
                0x0000015a                __ctors_end = .
                0x0000015a                __dtors_start = .
 *(.dtors)
                0x0000015a                __dtors_end = .
 SORT(*)(.ctors)
 SORT(*)(.dtors)
 *(.init0)
 .init0         0x0000015a        0x0 /usr/lib/gcc/avr/4.8.2/../../../avr/lib/avr51/crtm128.o
                0x0000015a                __init
 *(.init0)
 *(.init1)
 *(.init1)
 *(.init2)
 .init2         0x0000015a        0xc /usr/lib/gcc/avr/4.8.2/../../../avr/lib/avr51/crtm128.o
 *(.init2)
 *(.init3)
 *(.init3)
 *(.init4)
 .init4         0x00000166       0x1a /usr/lib/gcc/avr/4.8.2/avr51/libgcc.a(_copy_data.o)
                0x00000166                __do_copy_data
 .init4         0x00000180       0x10 /usr/lib/gcc/avr/4.8.2/avr51/libgcc.a(_clear_bss.o)
                0x00000180                __do_clear_bss
 *(.init4)
 *(.init5)
 *(.init5)
 *(.init6)
 *(.init6)
 *(.init7)
 *(.init7)
 *(.init8)
 *(.init8)
 *(.init9)
 .init9         0x00000190        0x8 /usr/lib/gcc/avr/4.8.2/../../../avr/lib/avr51/crtm128.o
 *(.init9)
 *(.text)
 .text          0x00000198        0x4 /usr/lib/gcc/avr/4.8.2/../../../avr/lib/avr51/crtm128.o
                0x00000198                __vector_22
                0x00000198                __vector_28
                0x00000198                __vector_1
                0x00000198                __vector_32
                0x00000198                __vector_34
                0x00000198                __vector_24
                0x00000198                __vector_12
                0x00000198                __bad_interrupt
                0x00000198                __vector_6
                0x00000198                __vector_31
                0x00000198                __vector_3
                0x00000198                __vector_23
                0x00000198                __vector_25
                0x00000198                __vector_11
                0x00000198                __vector_13
                0x00000198                __vector_17
                0x00000198                __vector_19
                0x00000198                __vector_27
                0x00000198                __vector_5
                0x00000198                __vector_33
                0x00000198                __vector_4
                0x00000198                __vector_9
                0x00000198                __vector_2
                0x00000198                __vector_21
                0x00000198                __vector_29
                0x00000198                __vector_8
                0x00000198                __vector_14
                0x00000198                __vector_10
                0x00000198                __vector_16
                0x00000198                __vector_20
                0x0000019c                . = ALIGN (0x2)
 *(.text.*)
 .text.recv_uc  0x0000019c       0x44 coordenador.co
 .text.broadcast_recv
                0x000001e0        0x6 coordenador.co
 .text.sendBroadcast_status
                0x000001e6       0x58 coordenador.co
                0x000001e6                sendBroadcast_status
 .text.FSMCoordinator
                0x0000023e      0x1b0 coordenador.co
                0x0000023e                FSMCoordinator
 .text.process_thread_coordenador_process
                0x000003ee       0xc6 coordenador.co
 .text.rx_input_byte
                0x000004b4       0x40 coordenador.co
 .text.__vector_18
                0x000004f4       0x5c contiki-micaz.a(rs232.o)
                0x000004f4                __vector_18
 .text.__vector_30
                0x00000550       0x5e contiki-micaz.a(rs232.o)
                0x00000550                __vector_30
 .text.rs232_init
                0x000005ae       0x3c contiki-micaz.a(rs232.o)
                0x000005ae                rs232_init
 .text.rs232_send
                0x000005ea       0x1e contiki-micaz.a(rs232.o)
                0x000005ea                rs232_send
 .text.rs232_stdout_putchar
                0x00000608       0x2a contiki-micaz.a(rs232.o)
                0x00000608                rs232_stdout_putchar
 .text.rs232_set_input
                0x00000632       0x1c contiki-micaz.a(rs232.o)
                0x00000632                rs232_set_input
 .text.rs232_redirect_stdout
                0x0000064e       0x12 contiki-micaz.a(rs232.o)
                0x0000064e                rs232_redirect_stdout
 .text.init_usart
                0x00000660       0x10 contiki-micaz.a(contiki-micaz-m)
                0x00000660                init_usart
 .text.startup.main
                0x00000670       0x8a contiki-micaz.a(contiki-micaz-m)
                0x00000670                main
 .text.init_net
                0x000006fa      0x186 contiki-micaz.a(init-net.o)
                0x000006fa                init_net
 .text.node_id_restore
                0x00000880       0x56 contiki-micaz.a(node-id.o)
                0x00000880                node_id_restore
 .text.node_id_burn
                0x000008d6       0x46 contiki-micaz.a(node-id.o)
                0x000008d6                node_id_burn
 .text.__vector_15
                0x0000091c       0xb0 contiki-micaz.a(clock.o)
                0x0000091c                __vector_15
 .text.clock_init
                0x000009cc       0x32 contiki-micaz.a(clock.o)
                0x000009cc                clock_init
 .text.clock_time
                0x000009fe       0x18 contiki-micaz.a(clock.o)
                0x000009fe                clock_time
 .text.clock_delay
                0x00000a16       0x1a contiki-micaz.a(clock.o)
                0x00000a16                clock_delay
 .text.read_byte
                0x00000a30       0x44 contiki-micaz.a(ds2401.o)
 .text.ds2401_init
                0x00000a74      0x14a contiki-micaz.a(ds2401.o)
                0x00000a74                ds2401_init
 .text.eeprom_write
                0x00000bbe        0xe contiki-micaz.a(eeprom.o)
                0x00000bbe                eeprom_write
 .text.eeprom_read
                0x00000bcc        0xe contiki-micaz.a(eeprom.o)
                0x00000bcc                eeprom_read
 .text.random_init
                0x00000bda        0x4 contiki-micaz.a(random.o)
                0x00000bda                random_init
 .text.random_rand
                0x00000bde        0x4 contiki-micaz.a(random.o)
                0x00000bde                random_rand
 .text.leds_init
                0x00000be2        0xa contiki-micaz.a(leds.o)
                0x00000be2                leds_init
 .text.leds_on  0x00000bec       0x10 contiki-micaz.a(leds.o)
                0x00000bec                leds_on
 .text.leds_off
                0x00000bfc       0x10 contiki-micaz.a(leds.o)
                0x00000bfc                leds_off
 .text.leds_toggle
                0x00000c0c       0x10 contiki-micaz.a(leds.o)
                0x00000c0c                leds_toggle
 .text.autostart_start
                0x00000c1c       0x1e contiki-micaz.a(autostart.o)
                0x00000c1c                autostart_start
 .text.process_thread_ctimer_process
                0x00000c3a       0xc8 contiki-micaz.a(ctimer.o)
 .text.ctimer_init
                0x00000d02       0x18 contiki-micaz.a(ctimer.o)
                0x00000d02                ctimer_init
 .text.ctimer_set
                0x00000d1a       0x5a contiki-micaz.a(ctimer.o)
                0x00000d1a                ctimer_set
 .text.ctimer_stop
                0x00000d74       0x2e contiki-micaz.a(ctimer.o)
                0x00000d74                ctimer_stop
 .text.update_time
                0x00000da2       0x64 contiki-micaz.a(etimer.o)
 .text.etimer_request_poll
                0x00000e06        0x8 contiki-micaz.a(etimer.o)
                0x00000e06                etimer_request_poll
 .text.process_thread_etimer_process
                0x00000e0e      0x106 contiki-micaz.a(etimer.o)
 .text.add_timer
                0x00000f14       0x5e contiki-micaz.a(etimer.o)
 .text.etimer_set
                0x00000f72       0x14 contiki-micaz.a(etimer.o)
                0x00000f72                etimer_set
 .text.etimer_expired
                0x00000f86       0x16 contiki-micaz.a(etimer.o)
                0x00000f86                etimer_expired
 .text.etimer_pending
                0x00000f9c       0x16 contiki-micaz.a(etimer.o)
                0x00000f9c                etimer_pending
 .text.etimer_stop
                0x00000fb2       0x4e contiki-micaz.a(etimer.o)
                0x00000fb2                etimer_stop
 .text.call_process.part.0
                0x00001000       0x4e contiki-micaz.a(process.o)
 .text.call_process
                0x0000104e        0xc contiki-micaz.a(process.o)
 .text.exit_process
                0x0000105a       0xd8 contiki-micaz.a(process.o)
 .text.do_poll  0x00001132       0x3e contiki-micaz.a(process.o)
 .text.process_init
                0x00001170       0x24 contiki-micaz.a(process.o)
                0x00001170                process_init
 .text.process_run
                0x00001194       0xc6 contiki-micaz.a(process.o)
                0x00001194                process_run
 .text.process_post
                0x0000125a       0x4c contiki-micaz.a(process.o)
                0x0000125a                process_post
 .text.process_post_synch
                0x000012a6       0x1e contiki-micaz.a(process.o)
                0x000012a6                process_post_synch
 .text.process_start
                0x000012c4       0x42 contiki-micaz.a(process.o)
                0x000012c4                process_start
 .text.process_poll
                0x00001306       0x18 contiki-micaz.a(process.o)
                0x00001306                process_poll
 .text.rtimer_init
                0x0000131e        0x4 contiki-micaz.a(rtimer.o)
                0x0000131e                rtimer_init
 .text.rtimer_run_next
                0x00001322       0x3e contiki-micaz.a(rtimer.o)
                0x00001322                rtimer_run_next
 .text.timer_set
                0x00001360       0x18 contiki-micaz.a(timer.o)
                0x00001360                timer_set
 .text.timer_expired
                0x00001378       0x30 contiki-micaz.a(timer.o)
                0x00001378                timer_expired
 .text.list_init
                0x000013a8        0x8 contiki-micaz.a(list.o)
                0x000013a8                list_init
 .text.list_head
                0x000013b0        0x8 contiki-micaz.a(list.o)
                0x000013b0                list_head
 .text.list_tail
                0x000013b8       0x20 contiki-micaz.a(list.o)
                0x000013b8                list_tail
 .text.list_remove
                0x000013d8       0x36 contiki-micaz.a(list.o)
                0x000013d8                list_remove
 .text.list_add
                0x0000140e       0x32 contiki-micaz.a(list.o)
                0x0000140e                list_add
 .text.list_push
                0x00001440       0x28 contiki-micaz.a(list.o)
                0x00001440                list_push
 .text.list_length
                0x00001468       0x1a contiki-micaz.a(list.o)
                0x00001468                list_length
 .text.list_item_next
                0x00001482       0x12 contiki-micaz.a(list.o)
                0x00001482                list_item_next
 .text.sent_by_abc
                0x00001494       0x18 contiki-micaz.a(broadcast.o)
 .text.recv_from_abc
                0x000014ac       0x48 contiki-micaz.a(broadcast.o)
 .text.broadcast_open
                0x000014f4       0x34 contiki-micaz.a(broadcast.o)
                0x000014f4                broadcast_open
 .text.broadcast_close
                0x00001528        0x4 contiki-micaz.a(broadcast.o)
                0x00001528                broadcast_close
 .text.broadcast_send
                0x0000152c       0x1c contiki-micaz.a(broadcast.o)
                0x0000152c                broadcast_send
 .text.channel_init
                0x00001548        0x8 contiki-micaz.a(channel.o)
                0x00001548                channel_init
 .text.channel_open
                0x00001550       0x10 contiki-micaz.a(channel.o)
                0x00001550                channel_open
 .text.channel_close
                0x00001560        0xa contiki-micaz.a(channel.o)
                0x00001560                channel_close
 .text.channel_lookup
                0x0000156a       0x2e contiki-micaz.a(channel.o)
                0x0000156a                channel_lookup
 .text.channel_set_attributes
                0x00001598       0x2a contiki-micaz.a(channel.o)
                0x00001598                channel_set_attributes
 .text.packet_sent
                0x000015c2       0x52 contiki-micaz.a(rime.o)
 .text.input    0x00001614       0x64 contiki-micaz.a(rime.o)
 .text.init     0x00001678       0x24 contiki-micaz.a(rime.o)
 .text.rime_output
                0x0000169c       0x2c contiki-micaz.a(rime.o)
                0x0000169c                rime_output
 .text.sent_by_broadcast
                0x000016c8       0x18 contiki-micaz.a(unicast.o)
 .text.recv_from_broadcast
                0x000016e0       0x42 contiki-micaz.a(unicast.o)
 .text.unicast_open
                0x00001722       0x34 contiki-micaz.a(unicast.o)
                0x00001722                unicast_open
 .text.linkaddr_copy
                0x00001756        0xe contiki-micaz.a(linkaddr.o)
                0x00001756                linkaddr_copy
 .text.linkaddr_cmp
                0x00001764       0x18 contiki-micaz.a(linkaddr.o)
                0x00001764                linkaddr_cmp
 .text.linkaddr_set_node_addr
                0x0000177c        0xa contiki-micaz.a(linkaddr.o)
                0x0000177c                linkaddr_set_node_addr
 .text.packetbuf_compact
                0x00001786       0x3e contiki-micaz.a(packetbuf.o)
                0x00001786                packetbuf_compact
 .text.packetbuf_copyto
                0x000017c4       0x7a contiki-micaz.a(packetbuf.o)
                0x000017c4                packetbuf_copyto
 .text.packetbuf_hdrreduce
                0x0000183e       0x3a contiki-micaz.a(packetbuf.o)
                0x0000183e                packetbuf_hdrreduce
 .text.packetbuf_set_datalen
                0x00001878        0xa contiki-micaz.a(packetbuf.o)
                0x00001878                packetbuf_set_datalen
 .text.packetbuf_dataptr
                0x00001882        0xe contiki-micaz.a(packetbuf.o)
                0x00001882                packetbuf_dataptr
 .text.packetbuf_hdrptr
                0x00001890        0xc contiki-micaz.a(packetbuf.o)
                0x00001890                packetbuf_hdrptr
 .text.packetbuf_datalen
                0x0000189c        0xa contiki-micaz.a(packetbuf.o)
                0x0000189c                packetbuf_datalen
 .text.packetbuf_hdrlen
                0x000018a6       0x10 contiki-micaz.a(packetbuf.o)
                0x000018a6                packetbuf_hdrlen
 .text.packetbuf_totlen
                0x000018b6       0x16 contiki-micaz.a(packetbuf.o)
                0x000018b6                packetbuf_totlen
 .text.packetbuf_hdralloc
                0x000018cc       0x3c contiki-micaz.a(packetbuf.o)
                0x000018cc                packetbuf_hdralloc
 .text.packetbuf_attr_clear
                0x00001908       0x32 contiki-micaz.a(packetbuf.o)
                0x00001908                packetbuf_attr_clear
 .text.packetbuf_clear
                0x0000193a       0x26 contiki-micaz.a(packetbuf.o)
                0x0000193a                packetbuf_clear
 .text.packetbuf_copyfrom
                0x00001960       0x5e contiki-micaz.a(packetbuf.o)
                0x00001960                packetbuf_copyfrom
 .text.packetbuf_attr_copyto
                0x000019be       0x22 contiki-micaz.a(packetbuf.o)
                0x000019be                packetbuf_attr_copyto
 .text.packetbuf_attr_copyfrom
                0x000019e0       0x22 contiki-micaz.a(packetbuf.o)
                0x000019e0                packetbuf_attr_copyfrom
 .text.packetbuf_holds_broadcast
                0x00001a02        0xc contiki-micaz.a(packetbuf.o)
                0x00001a02                packetbuf_holds_broadcast
 .text.queuebuf_init
                0x00001a0e       0x10 contiki-micaz.a(queuebuf.o)
                0x00001a0e                queuebuf_init
 .text.queuebuf_new_from_packetbuf
                0x00001a1e       0x66 contiki-micaz.a(queuebuf.o)
                0x00001a1e                queuebuf_new_from_packetbuf
 .text.queuebuf_update_attr_from_packetbuf
                0x00001a84       0x14 contiki-micaz.a(queuebuf.o)
                0x00001a84                queuebuf_update_attr_from_packetbuf
 .text.queuebuf_free
                0x00001a98       0x34 contiki-micaz.a(queuebuf.o)
                0x00001a98                queuebuf_free
 .text.queuebuf_to_packetbuf
                0x00001acc       0x44 contiki-micaz.a(queuebuf.o)
                0x00001acc                queuebuf_to_packetbuf
 .text.queuebuf_attr
                0x00001b10       0x1c contiki-micaz.a(queuebuf.o)
                0x00001b10                queuebuf_attr
 .text.input_packet
                0x00001b2c        0xa contiki-micaz.a(csma.o)
 .text.on       0x00001b36        0xa contiki-micaz.a(csma.o)
 .text.off      0x00001b40        0xa contiki-micaz.a(csma.o)
 .text.channel_check_interval
                0x00001b4a       0x14 contiki-micaz.a(csma.o)
 .text.transmit_packet_list
                0x00001b5e       0x32 contiki-micaz.a(csma.o)
 .text.schedule_transmission
                0x00001b90       0x9e contiki-micaz.a(csma.o)
 .text.init     0x00001c2e       0x18 contiki-micaz.a(csma.o)
 .text.tx_done  0x00001c46       0xc0 contiki-micaz.a(csma.o)
 .text.send_packet
                0x00001d06      0x1ee contiki-micaz.a(csma.o)
 .text.packet_sent
                0x00001ef4      0x190 contiki-micaz.a(csma.o)
 .text.mac_call_sent_callback
                0x00002084       0x10 contiki-micaz.a(mac.o)
                0x00002084                mac_call_sent_callback
 .text.channel_check_interval
                0x00002094        0x6 contiki-micaz.a(cxmac.o)
 .text.on       0x0000209a       0x22 contiki-micaz.a(cxmac.o)
 .text.off      0x000020bc       0x28 contiki-micaz.a(cxmac.o)
 .text.powercycle_turn_radio_off
                0x000020e4       0x1c contiki-micaz.a(cxmac.o)
 .text.turn_off
                0x00002100       0x1c contiki-micaz.a(cxmac.o)
 .text.cschedule_powercycle
                0x0000211c       0x24 contiki-micaz.a(cxmac.o)
 .text.cxmac_init
                0x00002140       0x2e contiki-micaz.a(cxmac.o)
                0x00002140                cxmac_init
 .text.turn_on  0x0000216e       0x14 contiki-micaz.a(cxmac.o)
 .text.cpowercycle
                0x00002182       0xe4 contiki-micaz.a(cxmac.o)
 .text.qsend_packet
                0x00002266      0x4b0 contiki-micaz.a(cxmac.o)
 .text.qsend_list
                0x00002716       0x48 contiki-micaz.a(cxmac.o)
 .text.input_packet
                0x0000275e      0x120 contiki-micaz.a(cxmac.o)
 .text.bootstrap
                0x0000287e        0x4 contiki-micaz.a(nullsec.o)
 .text.send     0x00002882       0x16 contiki-micaz.a(nullsec.o)
 .text.on_frame_created
                0x00002898        0x6 contiki-micaz.a(nullsec.o)
 .text.input    0x0000289e        0xa contiki-micaz.a(nullsec.o)
 .text.get_overhead
                0x000028a8        0x4 contiki-micaz.a(nullsec.o)
 .text.leds_arch_init
                0x000028ac        0xe contiki-micaz.a(leds-arch.o)
                0x000028ac                leds_arch_init
 .text.leds_arch_set
                0x000028ba       0x2a contiki-micaz.a(leds-arch.o)
                0x000028ba                leds_arch_set
 .text.get_object
                0x000028e4        0x6 contiki-micaz.a(cc2420.o)
 .text.set_object
                0x000028ea        0x6 contiki-micaz.a(cc2420.o)
 .text.strobe   0x000028f0        0xc contiki-micaz.a(cc2420.o)
 .text.getreg   0x000028fc       0x28 contiki-micaz.a(cc2420.o)
 .text.setreg   0x00002924       0x1e contiki-micaz.a(cc2420.o)
 .text.write_ram
                0x00002942       0x5e contiki-micaz.a(cc2420.o)
 .text.write_fifo_buf
                0x000029a0       0x2c contiki-micaz.a(cc2420.o)
 .text.get_status
                0x000029cc        0xe contiki-micaz.a(cc2420.o)
 .text.wait_for_status
                0x000029da       0x34 contiki-micaz.a(cc2420.o)
 .text.wait_for_transmission
                0x00002a0e       0x2e contiki-micaz.a(cc2420.o)
 .text.on       0x00002a3c       0x16 contiki-micaz.a(cc2420.o)
 .text.set_txpower
                0x00002a52       0x1e contiki-micaz.a(cc2420.o)
 .text.cc2420_receiving_packet
                0x00002a70        0xa contiki-micaz.a(cc2420.o)
 .text.pending_packet
                0x00002a7a        0xc contiki-micaz.a(cc2420.o)
 .text.getrxdata
                0x00002a86       0x38 contiki-micaz.a(cc2420.o)
 .text.flushrx  0x00002abe       0x2e contiki-micaz.a(cc2420.o)
 .text.off      0x00002aec       0x1e contiki-micaz.a(cc2420.o)
 .text.RELEASE_LOCK
                0x00002b0a       0x34 contiki-micaz.a(cc2420.o)
 .text.cc2420_prepare
                0x00002b3e       0x5e contiki-micaz.a(cc2420.o)
 .text.cc2420_read
                0x00002b9c       0xce contiki-micaz.a(cc2420.o)
 .text.process_thread_cc2420_process
                0x00002c6a       0x5e contiki-micaz.a(cc2420.o)
 .text.cc2420_on
                0x00002cc8       0x2c contiki-micaz.a(cc2420.o)
                0x00002cc8                cc2420_on
 .text.cc2420_off
                0x00002cf4       0x3e contiki-micaz.a(cc2420.o)
                0x00002cf4                cc2420_off
 .text.cc2420_cca
                0x00002d32       0x68 contiki-micaz.a(cc2420.o)
 .text.cc2420_set_channel
                0x00002d9a       0x54 contiki-micaz.a(cc2420.o)
                0x00002d9a                cc2420_set_channel
 .text.cc2420_set_pan_addr
                0x00002dee       0x7a contiki-micaz.a(cc2420.o)
                0x00002dee                cc2420_set_pan_addr
 .text.cc2420_interrupt
                0x00002e68       0x22 contiki-micaz.a(cc2420.o)
                0x00002e68                cc2420_interrupt
 .text.cc2420_set_txpower
                0x00002e8a       0x12 contiki-micaz.a(cc2420.o)
                0x00002e8a                cc2420_set_txpower
 .text.cc2420_get_txpower
                0x00002e9c       0x28 contiki-micaz.a(cc2420.o)
                0x00002e9c                cc2420_get_txpower
 .text.cc2420_transmit
                0x00002ec4       0xf6 contiki-micaz.a(cc2420.o)
 .text.cc2420_send
                0x00002fba       0x14 contiki-micaz.a(cc2420.o)
 .text.cc2420_rssi
                0x00002fce       0x62 contiki-micaz.a(cc2420.o)
                0x00002fce                cc2420_rssi
 .text.get_value
                0x00003030       0xee contiki-micaz.a(cc2420.o)
 .text.cc2420_set_cca_threshold
                0x0000311e       0x1a contiki-micaz.a(cc2420.o)
                0x0000311e                cc2420_set_cca_threshold
 .text.set_value
                0x00003138       0x8c contiki-micaz.a(cc2420.o)
 .text.cc2420_init
                0x000031c4       0xdc contiki-micaz.a(cc2420.o)
                0x000031c4                cc2420_init
 .text.cc2420_arch_init
                0x000032a0       0x1e contiki-micaz.a(cc2420-arch.o)
                0x000032a0                cc2420_arch_init
 .text.__vector_7
                0x000032be       0x50 contiki-micaz.a(cc2420-arch.o)
                0x000032be                __vector_7
 .text.__vector_26
                0x0000330e       0x5a contiki-micaz.a(rtimer-arch.o)
                0x0000330e                __vector_26
 .text.rtimer_arch_init
                0x00003368       0x38 contiki-micaz.a(rtimer-arch.o)
                0x00003368                rtimer_arch_init
 .text.rtimer_arch_schedule
                0x000033a0       0x24 contiki-micaz.a(rtimer-arch.o)
                0x000033a0                rtimer_arch_schedule
 .text.watchdog_start
                0x000033c4        0x2 contiki-micaz.a(watchdog.o)
                0x000033c4                watchdog_start
 .text.watchdog_stop
                0x000033c6        0x2 contiki-micaz.a(watchdog.o)
                0x000033c6                watchdog_stop
 .text.compower_accumulate
                0x000033c8       0xb8 contiki-micaz.a(compower.o)
                0x000033c8                compower_accumulate
 .text.compower_clear
                0x00003480       0x14 contiki-micaz.a(compower.o)
                0x00003480                compower_clear
 .text.compower_attrconv
                0x00003494       0x32 contiki-micaz.a(compower.o)
                0x00003494                compower_attrconv
 .text.energest_type_time
                0x000034c6        0x8 contiki-micaz.a(energest.o)
                0x000034c6                energest_type_time
 .text.energest_flush
                0x000034ce        0x2 contiki-micaz.a(energest.o)
                0x000034ce                energest_flush
 .text.memb_init
                0x000034d0       0x3c contiki-micaz.a(memb.o)
                0x000034d0                memb_init
 .text.memb_alloc
                0x0000350c       0x4a contiki-micaz.a(memb.o)
                0x0000350c                memb_alloc
 .text.memb_free
                0x00003556       0x4a contiki-micaz.a(memb.o)
                0x00003556                memb_free
 .text.memb_inmemb
                0x000035a0       0x3a contiki-micaz.a(memb.o)
                0x000035a0                memb_inmemb
 .text.abc_open
                0x000035da       0x30 contiki-micaz.a(abc.o)
                0x000035da                abc_open
 .text.abc_close
                0x0000360a        0x4 contiki-micaz.a(abc.o)
                0x0000360a                abc_close
 .text.abc_send
                0x0000360e        0x4 contiki-micaz.a(abc.o)
                0x0000360e                abc_send
 .text.abc_input
                0x00003612       0x18 contiki-micaz.a(abc.o)
                0x00003612                abc_input
 .text.abc_sent
                0x0000362a       0x18 contiki-micaz.a(abc.o)
                0x0000362a                abc_sent
 .text.announcement_init
                0x00003642        0x8 contiki-micaz.a(announcement.o)
                0x00003642                announcement_init
 .text.announcement_register_observer_callback
                0x0000364a        0xa contiki-micaz.a(announcement.o)
                0x0000364a                announcement_register_observer_callback
 .text.announcement_list
                0x00003654        0x8 contiki-micaz.a(announcement.o)
                0x00003654                announcement_list
 .text.announcement_heard
                0x0000365c       0x62 contiki-micaz.a(announcement.o)
                0x0000365c                announcement_heard
 .text.adv_packet_sent
                0x000036be        0x2 contiki-micaz.a(broadcast-annou)
 .text.set_timers
                0x000036c0       0x3e contiki-micaz.a(broadcast-annou)
 .text.send_timer
                0x000036fe       0x28 contiki-micaz.a(broadcast-annou)
 .text.send_adv
                0x00003726       0x8e contiki-micaz.a(broadcast-annou)
 .text.adv_packet_received
                0x000037b4       0x88 contiki-micaz.a(broadcast-annou)
 .text.new_announcement
                0x0000383c       0x20 contiki-micaz.a(broadcast-annou)
 .text.broadcast_announcement_init
                0x0000385c       0x4c contiki-micaz.a(broadcast-annou)
                0x0000385c                broadcast_announcement_init
 .text.chameleon_init
                0x000038a8        0x4 contiki-micaz.a(chameleon.o)
                0x000038a8                chameleon_init
 .text.chameleon_parse
                0x000038ac       0x1e contiki-micaz.a(chameleon.o)
                0x000038ac                chameleon_parse
 .text.chameleon_create
                0x000038ca       0x30 contiki-micaz.a(chameleon.o)
                0x000038ca                chameleon_create
 .text.chameleon_hdrsize
                0x000038fa        0xa contiki-micaz.a(chameleon.o)
                0x000038fa                chameleon_hdrsize
 .text.create_frame.isra.0
                0x00003904      0x13c contiki-micaz.a(framer-802154.o)
 .text.create   0x00003a40        0x8 contiki-micaz.a(framer-802154.o)
 .text.hdr_length
                0x00003a48        0x8 contiki-micaz.a(framer-802154.o)
 .text.parse    0x00003a50       0xe6 contiki-micaz.a(framer-802154.o)
 .text.framer_canonical_create_and_secure
                0x00003b36       0x34 contiki-micaz.a(framer.o)
                0x00003b36                framer_canonical_create_and_secure
 .text.spi_init
                0x00003b6a       0x16 contiki-micaz.a(spi.o)
                0x00003b6a                spi_init
 .text.header_size
                0x00003b80       0x20 contiki-micaz.a(chameleon-bitop)
 .text.get_bits_in_byte
                0x00003ba0       0x3e contiki-micaz.a(chameleon-bitop)
                0x00003ba0                get_bits_in_byte
 .text.get_bits
                0x00003bde       0xec contiki-micaz.a(chameleon-bitop)
                0x00003bde                get_bits
 .text.unpack_header
                0x00003cca      0x12a contiki-micaz.a(chameleon-bitop)
 .text.set_bits_in_byte
                0x00003df4       0x2e contiki-micaz.a(chameleon-bitop)
                0x00003df4                set_bits_in_byte
 .text.set_bits
                0x00003e22      0x126 contiki-micaz.a(chameleon-bitop)
                0x00003e22                set_bits
 .text.pack_header
                0x00003f48       0xf8 contiki-micaz.a(chameleon-bitop)
 .text.field_len
                0x00004040       0x8e contiki-micaz.a(frame802154.o)
 .text.frame802154_hdrlen
                0x000040ce       0x46 contiki-micaz.a(frame802154.o)
                0x000040ce                frame802154_hdrlen
 .text.frame802154_create
                0x00004114      0x1ac contiki-micaz.a(frame802154.o)
                0x00004114                frame802154_create
 .text.frame802154_parse
                0x000042c0      0x19e contiki-micaz.a(frame802154.o)
                0x000042c0                frame802154_parse
 .text.libgcc.div
                0x0000445e       0x28 /usr/lib/gcc/avr/4.8.2/avr51/libgcc.a(_udivmodhi4.o)
                0x0000445e                __udivmodhi4
 .text.libgcc   0x00004486        0xc /usr/lib/gcc/avr/4.8.2/avr51/libgcc.a(_tablejump.o)
                0x00004486                __tablejump2__
                0x0000448a                __tablejump__
 .text.avr-libc
                0x00004492       0xb8 /usr/lib/gcc/avr/4.8.2/../../../avr/lib/avr51/libc.a(rand.o)
                0x00004528                rand_r
                0x0000452c                rand
                0x00004534                srand
 .text.avr-libc
                0x0000454a       0x1a /usr/lib/gcc/avr/4.8.2/../../../avr/lib/avr51/libc.a(memcmp.o)
                0x0000454a                memcmp
 .text.avr-libc
                0x00004564       0x12 /usr/lib/gcc/avr/4.8.2/../../../avr/lib/avr51/libc.a(memcpy.o)
                0x00004564                memcpy
 .text.avr-libc
                0x00004576        0xe /usr/lib/gcc/avr/4.8.2/../../../avr/lib/avr51/libc.a(memset.o)
                0x00004576                memset
 .text.avr-libc
                0x00004584       0x12 /usr/lib/gcc/avr/4.8.2/../../../avr/lib/avr51/libc.a(strcmp.o)
                0x00004584                strcmp
 .text.avr-libc
                0x00004596       0x24 /usr/lib/gcc/avr/4.8.2/../../../avr/lib/avr51/libc.a(printf.o)
                0x00004596                printf
 .text.avr-libc
                0x000045ba       0x48 /usr/lib/gcc/avr/4.8.2/../../../avr/lib/avr51/libc.a(printf_p.o)
                0x000045ba                printf_P
 .text.avr-libc
                0x00004602       0x5a /usr/lib/gcc/avr/4.8.2/../../../avr/lib/avr51/libc.a(puts.o)
                0x00004602                puts
 .text.avr-libc
                0x0000465c      0x3f6 /usr/lib/gcc/avr/4.8.2/../../../avr/lib/avr51/libc.a(vfprintf_std.o)
                0x0000465c                vfprintf
 .text.avr-libc
                0x00004a52       0x20 /usr/lib/gcc/avr/4.8.2/../../../avr/lib/avr51/libc.a(eerd_block_atmega128.o)
                0x00004a52                __eerd_block_m128
                0x00004a56                __eerd_blraw_m128
 .text.avr-libc
                0x00004a72       0x14 /usr/lib/gcc/avr/4.8.2/../../../avr/lib/avr51/libc.a(eewr_block_atmega128.o)
                0x00004a72                __eewr_block_m128
 .text.avr-libc
                0x00004a86       0x1a /usr/lib/gcc/avr/4.8.2/../../../avr/lib/avr51/libc.a(eewr_byte_atmega128.o)
                0x00004a86                __eewr_byte_m128
                0x00004a88                __eewr_r18_m128
 .text.avr-libc
                0x00004aa0       0x16 /usr/lib/gcc/avr/4.8.2/../../../avr/lib/avr51/libc.a(strnlen_P.o)
                0x00004aa0                strnlen_P
 .text.avr-libc
                0x00004ab6       0x16 /usr/lib/gcc/avr/4.8.2/../../../avr/lib/avr51/libc.a(strnlen.o)
                0x00004ab6                strnlen
 .text.avr-libc
                0x00004acc       0x64 /usr/lib/gcc/avr/4.8.2/../../../avr/lib/avr51/libc.a(fputc.o)
                0x00004acc                fputc
 .text.avr-libc
                0x00004b30       0xbc /usr/lib/gcc/avr/4.8.2/../../../avr/lib/avr51/libc.a(ultoa_invert.o)
                0x00004b30                __ultoa_invert
 .text.libgcc.mul
                0x00004bec       0x16 /usr/lib/gcc/avr/4.8.2/avr51/libgcc.a(_muluhisi3.o)
                0x00004bec                __muluhisi3
 .text.libgcc.mul
                0x00004c02       0x10 /usr/lib/gcc/avr/4.8.2/avr51/libgcc.a(_mulshisi3.o)
                0x00004c02                __mulshisi3
                0x00004c08                __mulohisi3
 .text.libgcc.div
                0x00004c12       0x2e /usr/lib/gcc/avr/4.8.2/avr51/libgcc.a(_divmodsi4.o)
                0x00004c12                __divmodsi4
 .text.libgcc.div
                0x00004c40       0x10 /usr/lib/gcc/avr/4.8.2/avr51/libgcc.a(_negsi2.o)
                0x00004c40                __negsi2
 .text.libgcc.mul
                0x00004c50       0x1e /usr/lib/gcc/avr/4.8.2/avr51/libgcc.a(_umulhisi3.o)
                0x00004c50                __umulhisi3
 .text.libgcc.div
                0x00004c6e       0x44 /usr/lib/gcc/avr/4.8.2/avr51/libgcc.a(_udivmodsi4.o)
                0x00004c6e                __udivmodsi4
                0x00004cb2                . = ALIGN (0x2)
 *(.fini9)
 .fini9         0x00004cb2        0x0 /usr/lib/gcc/avr/4.8.2/avr51/libgcc.a(_exit.o)
                0x00004cb2                exit
                0x00004cb2                _exit
 *(.fini9)
 *(.fini8)
 *(.fini8)
 *(.fini7)
 *(.fini7)
 *(.fini6)
 *(.fini6)
 *(.fini5)
 *(.fini5)
 *(.fini4)
 *(.fini4)
 *(.fini3)
 *(.fini3)
 *(.fini2)
 *(.fini2)
 *(.fini1)
 *(.fini1)
 *(.fini0)
 .fini0         0x00004cb2        0x4 /usr/lib/gcc/avr/4.8.2/avr51/libgcc.a(_exit.o)
 *(.fini0)
                0x00004cb6                _etext = .

.data           0x00800100      0x184 load address 0x00004cb6
                0x00800100                PROVIDE (__data_start, .)
 *(.data)
 .data          0x00800100        0x0 /usr/lib/gcc/avr/4.8.2/../../../avr/lib/avr51/crtm128.o
 .data          0x00800100        0x0 coordenador.co
 .data          0x00800100        0x0 contiki-micaz.a(rs232.o)
 .data          0x00800100        0x0 contiki-micaz.a(contiki-micaz-m)
 .data          0x00800100        0x0 contiki-micaz.a(init-net.o)
 .data          0x00800100        0x0 contiki-micaz.a(node-id.o)
 .data          0x00800100        0x0 contiki-micaz.a(clock.o)
 .data          0x00800100        0x0 contiki-micaz.a(ds2401.o)
 .data          0x00800100        0x0 contiki-micaz.a(eeprom.o)
 .data          0x00800100        0x0 contiki-micaz.a(random.o)
 .data          0x00800100        0x0 contiki-micaz.a(leds.o)
 .data          0x00800100        0x0 contiki-micaz.a(autostart.o)
 .data          0x00800100        0x0 contiki-micaz.a(ctimer.o)
 .data          0x00800100        0x0 contiki-micaz.a(etimer.o)
 .data          0x00800100        0x0 contiki-micaz.a(process.o)
 .data          0x00800100        0x0 contiki-micaz.a(rtimer.o)
 .data          0x00800100        0x0 contiki-micaz.a(timer.o)
 .data          0x00800100        0x0 contiki-micaz.a(list.o)
 .data          0x00800100        0x0 contiki-micaz.a(broadcast.o)
 .data          0x00800100        0x0 contiki-micaz.a(channel.o)
 .data          0x00800100        0x0 contiki-micaz.a(rime.o)
 .data          0x00800100        0x0 contiki-micaz.a(unicast.o)
 .data          0x00800100        0x0 contiki-micaz.a(linkaddr.o)
 .data          0x00800100        0x0 contiki-micaz.a(packetbuf.o)
 .data          0x00800100        0x0 contiki-micaz.a(queuebuf.o)
 .data          0x00800100        0x0 contiki-micaz.a(csma.o)
 .data          0x00800100        0x0 contiki-micaz.a(mac.o)
 .data          0x00800100        0x0 contiki-micaz.a(cxmac.o)
 .data          0x00800100        0x0 contiki-micaz.a(nullsec.o)
 .data          0x00800100        0x0 contiki-micaz.a(leds-arch.o)
 .data          0x00800100        0x0 contiki-micaz.a(cc2420.o)
 .data          0x00800100        0x0 contiki-micaz.a(cc2420-arch.o)
 .data          0x00800100        0x0 contiki-micaz.a(rtimer-arch.o)
 .data          0x00800100        0x0 contiki-micaz.a(watchdog.o)
 .data          0x00800100        0x0 contiki-micaz.a(compower.o)
 .data          0x00800100        0x0 contiki-micaz.a(energest.o)
 .data          0x00800100        0x0 contiki-micaz.a(memb.o)
 .data          0x00800100        0x0 contiki-micaz.a(abc.o)
 .data          0x00800100        0x0 contiki-micaz.a(announcement.o)
 .data          0x00800100        0x0 contiki-micaz.a(broadcast-annou)
 .data          0x00800100        0x0 contiki-micaz.a(chameleon.o)
 .data          0x00800100        0x0 contiki-micaz.a(framer-802154.o)
 .data          0x00800100        0x0 contiki-micaz.a(framer.o)
 .data          0x00800100        0x0 contiki-micaz.a(spi.o)
 .data          0x00800100        0x0 contiki-micaz.a(chameleon-bitop)
 .data          0x00800100        0x0 contiki-micaz.a(frame802154.o)
 .data          0x00800100        0x0 /usr/lib/gcc/avr/4.8.2/avr51/libgcc.a(_udivmodhi4.o)
 .data          0x00800100        0x0 /usr/lib/gcc/avr/4.8.2/avr51/libgcc.a(_exit.o)
 .data          0x00800100        0x0 /usr/lib/gcc/avr/4.8.2/avr51/libgcc.a(_tablejump.o)
 .data          0x00800100        0x0 /usr/lib/gcc/avr/4.8.2/avr51/libgcc.a(_copy_data.o)
 .data          0x00800100        0x0 /usr/lib/gcc/avr/4.8.2/avr51/libgcc.a(_clear_bss.o)
 .data          0x00800100        0x4 /usr/lib/gcc/avr/4.8.2/../../../avr/lib/avr51/libc.a(rand.o)
 .data          0x00800104        0x0 /usr/lib/gcc/avr/4.8.2/../../../avr/lib/avr51/libc.a(memcmp.o)
 .data          0x00800104        0x0 /usr/lib/gcc/avr/4.8.2/../../../avr/lib/avr51/libc.a(memcpy.o)
 .data          0x00800104        0x0 /usr/lib/gcc/avr/4.8.2/../../../avr/lib/avr51/libc.a(memset.o)
 .data          0x00800104        0x0 /usr/lib/gcc/avr/4.8.2/../../../avr/lib/avr51/libc.a(strcmp.o)
 .data          0x00800104        0x0 /usr/lib/gcc/avr/4.8.2/../../../avr/lib/avr51/libc.a(iob.o)
 .data          0x00800104        0x0 /usr/lib/gcc/avr/4.8.2/../../../avr/lib/avr51/libc.a(printf.o)
 .data          0x00800104        0x0 /usr/lib/gcc/avr/4.8.2/../../../avr/lib/avr51/libc.a(printf_p.o)
 .data          0x00800104        0x0 /usr/lib/gcc/avr/4.8.2/../../../avr/lib/avr51/libc.a(puts.o)
 .data          0x00800104        0x0 /usr/lib/gcc/avr/4.8.2/../../../avr/lib/avr51/libc.a(vfprintf_std.o)
 .data          0x00800104        0x0 /usr/lib/gcc/avr/4.8.2/../../../avr/lib/avr51/libc.a(eerd_block_atmega128.o)
 .data          0x00800104        0x0 /usr/lib/gcc/avr/4.8.2/../../../avr/lib/avr51/libc.a(eewr_block_atmega128.o)
 .data          0x00800104        0x0 /usr/lib/gcc/avr/4.8.2/../../../avr/lib/avr51/libc.a(eewr_byte_atmega128.o)
 .data          0x00800104        0x0 /usr/lib/gcc/avr/4.8.2/../../../avr/lib/avr51/libc.a(strnlen_P.o)
 .data          0x00800104        0x0 /usr/lib/gcc/avr/4.8.2/../../../avr/lib/avr51/libc.a(strnlen.o)
 .data          0x00800104        0x0 /usr/lib/gcc/avr/4.8.2/../../../avr/lib/avr51/libc.a(fputc.o)
 .data          0x00800104        0x0 /usr/lib/gcc/avr/4.8.2/../../../avr/lib/avr51/libc.a(ultoa_invert.o)
 .data          0x00800104        0x0 /usr/lib/gcc/avr/4.8.2/avr51/libgcc.a(_muluhisi3.o)
 .data          0x00800104        0x0 /usr/lib/gcc/avr/4.8.2/avr51/libgcc.a(_mulshisi3.o)
 .data          0x00800104        0x0 /usr/lib/gcc/avr/4.8.2/avr51/libgcc.a(_divmodsi4.o)
 .data          0x00800104        0x0 /usr/lib/gcc/avr/4.8.2/avr51/libgcc.a(_negsi2.o)
 .data          0x00800104        0x0 /usr/lib/gcc/avr/4.8.2/avr51/libgcc.a(_umulhisi3.o)
 .data          0x00800104        0x0 /usr/lib/gcc/avr/4.8.2/avr51/libgcc.a(_udivmodsi4.o)
 *(.data*)
 .data.coordenador_process
                0x00800104        0x8 coordenador.co
                0x00800104                coordenador_process
 .data.rs232_stdout
                0x0080010c        0xe contiki-micaz.a(rs232.o)
 .data.ctimer_process
                0x0080011a        0x8 contiki-micaz.a(ctimer.o)
                0x0080011a                ctimer_process
 .data.etimer_process
                0x00800122        0x8 contiki-micaz.a(etimer.o)
                0x00800122                etimer_process
 .data.buframmem
                0x0080012a        0x8 contiki-micaz.a(queuebuf.o)
 .data.bufmem   0x00800132        0x8 contiki-micaz.a(queuebuf.o)
 .data.metadata_memb
                0x0080013a        0x8 contiki-micaz.a(csma.o)
 .data.packet_memb
                0x00800142        0x8 contiki-micaz.a(csma.o)
 .data.neighbor_memb
                0x0080014a        0x8 contiki-micaz.a(csma.o)
 .data.CSMA_MAX_MAX_FRAME_RETRIES
                0x00800152        0x2 contiki-micaz.a(csma.o)
                0x00800152                CSMA_MAX_MAX_FRAME_RETRIES
 .data.CSMA_MAX_BACKOFF
                0x00800154        0x2 contiki-micaz.a(csma.o)
                0x00800154                CSMA_MAX_BACKOFF
 .data.CSMA_MAX_BE
                0x00800156        0x2 contiki-micaz.a(csma.o)
                0x00800156                CSMA_MAX_BE
 .data.encounter_memb
                0x00800158        0x8 contiki-micaz.a(cxmac.o)
 .data.cxmac_config
                0x00800160        0x8 contiki-micaz.a(cxmac.o)
                0x00800160                cxmac_config
 .data.cc2420_process
                0x00800168        0x8 contiki-micaz.a(cc2420.o)
                0x00800168                cc2420_process
 *(.rodata)
 *(.rodata*)
 .rodata.str1.1
                0x00800170       0x62 coordenador.co
                                 0x65 (size before relaxing)
 .rodata.broadcast_call
                0x008001d2        0x4 coordenador.co
 .rodata.unicast_callbacks
                0x008001d6        0x4 coordenador.co
 .rodata.autostart_processes
                0x008001da        0x4 coordenador.co
                0x008001da                autostart_processes
 .rodata.broadcast
                0x008001de        0x4 contiki-micaz.a(broadcast.o)
 .rodata.attributes
                0x008001e2        0x4 contiki-micaz.a(broadcast.o)
 .rodata.str1.1
                0x008001e6        0x5 contiki-micaz.a(rime.o)
 .rodata.rime_driver
                0x008001eb        0x6 contiki-micaz.a(rime.o)
                0x008001eb                rime_driver
 .rodata.uc     0x008001f1        0x4 contiki-micaz.a(unicast.o)
 .rodata.attributes
                0x008001f5        0x6 contiki-micaz.a(unicast.o)
 .rodata.linkaddr_null
                0x008001fb        0x2 contiki-micaz.a(linkaddr.o)
                0x008001fb                linkaddr_null
 .rodata.str1.1
                0x008001fd        0x5 contiki-micaz.a(csma.o)
 .rodata.csma_driver
                0x00800202        0xe contiki-micaz.a(csma.o)
                0x00800202                csma_driver
 .rodata.str1.1
                0x00800210        0x7 contiki-micaz.a(cxmac.o)
 .rodata.cxmac_driver
                0x00800217       0x10 contiki-micaz.a(cxmac.o)
                0x00800217                cxmac_driver
 .rodata.str1.1
                0x00800227        0x8 contiki-micaz.a(nullsec.o)
 .rodata.nullsec_driver
                0x0080022f        0xc contiki-micaz.a(nullsec.o)
                0x0080022f                nullsec_driver
 .rodata.cc2420_driver
                0x0080023b       0x1c contiki-micaz.a(cc2420.o)
                0x0080023b                cc2420_driver
 .rodata.output_power
                0x00800257       0x10 contiki-micaz.a(cc2420.o)
 .rodata.attributes
                0x00800267        0x2 contiki-micaz.a(abc.o)
 .rodata.broadcast_callbacks
                0x00800269        0x4 contiki-micaz.a(broadcast-annou)
 .rodata.framer_802154
                0x0080026d        0x8 contiki-micaz.a(framer-802154.o)
                0x0080026d                framer_802154
 .rodata.chameleon_bitopt
                0x00800275        0x6 contiki-micaz.a(chameleon-bitop)
                0x00800275                chameleon_bitopt
 .rodata.bitmask
                0x0080027b        0x9 contiki-micaz.a(chameleon-bitop)
 *(.gnu.linkonce.d*)
                0x00800284                . = ALIGN (0x2)
                0x00800284                _edata = .
                0x00800284                PROVIDE (__data_end, .)

.bss            0x00800284      0x9fa
                0x00800284                PROVIDE (__bss_start, .)
 *(.bss)
 *(.bss*)
 .bss.et.3617   0x00800284        0x8 coordenador.co
 .bss.broadcast_status
                0x0080028c        0x2 coordenador.co
                0x0080028c                broadcast_status
 .bss.broadcast
                0x0080028e        0xb coordenador.co
 .bss.uc        0x00800299        0xd coordenador.co
 .bss.motes     0x008002a6       0x12 coordenador.co
                0x008002a6                motes
 .bss.dados_unicast
                0x008002b8        0x2 coordenador.co
                0x008002b8                dados_unicast
 .bss.pos       0x008002ba        0x2 coordenador.co
                0x008002ba                pos
 .bss.estado    0x008002bc        0x2 coordenador.co
                0x008002bc                estado
 .bss.stdout_rs232_port
                0x008002be        0x1 contiki-micaz.a(rs232.o)
 .bss.node_id   0x008002bf        0x2 contiki-micaz.a(node-id.o)
                0x008002bf                node_id
 .bss.seconds   0x008002c1        0x4 contiki-micaz.a(clock.o)
 .bss.scount    0x008002c5        0x2 contiki-micaz.a(clock.o)
 .bss.count     0x008002c7        0x2 contiki-micaz.a(clock.o)
 .bss.leds      0x008002c9        0x1 contiki-micaz.a(leds.o)
 .bss.initialized
                0x008002ca        0x1 contiki-micaz.a(ctimer.o)
 .bss.ctimer_list_list
                0x008002cb        0x2 contiki-micaz.a(ctimer.o)
 .bss.next_expiration
                0x008002cd        0x2 contiki-micaz.a(etimer.o)
 .bss.timerlist
                0x008002cf        0x2 contiki-micaz.a(etimer.o)
 .bss.snum.1773
                0x008002d1        0x1 contiki-micaz.a(process.o)
 .bss.p.1758    0x008002d2        0x2 contiki-micaz.a(process.o)
 .bss.receiver.1757
                0x008002d4        0x2 contiki-micaz.a(process.o)
 .bss.data.1756
                0x008002d6        0x2 contiki-micaz.a(process.o)
 .bss.ev.1755   0x008002d8        0x1 contiki-micaz.a(process.o)
 .bss.poll_requested
                0x008002d9        0x1 contiki-micaz.a(process.o)
 .bss.events    0x008002da       0x28 contiki-micaz.a(process.o)
 .bss.fevent    0x00800302        0x1 contiki-micaz.a(process.o)
 .bss.nevents   0x00800303        0x1 contiki-micaz.a(process.o)
 .bss.lastevent
                0x00800304        0x1 contiki-micaz.a(process.o)
 .bss.process_current
                0x00800305        0x2 contiki-micaz.a(process.o)
                0x00800305                process_current
 .bss.process_list
                0x00800307        0x2 contiki-micaz.a(process.o)
                0x00800307                process_list
 .bss.next_rtimer
                0x00800309        0x2 contiki-micaz.a(rtimer.o)
 .bss.channel_list_list
                0x0080030b        0x2 contiki-micaz.a(channel.o)
 .bss.sniffers_list
                0x0080030d        0x2 contiki-micaz.a(rime.o)
 .bss.packetbufptr
                0x0080030f        0x2 contiki-micaz.a(packetbuf.o)
 .bss.packetbuf_aligned
                0x00800311       0xb0 contiki-micaz.a(packetbuf.o)
 .bss.hdrptr    0x008003c1        0x1 contiki-micaz.a(packetbuf.o)
 .bss.bufptr    0x008003c2        0x2 contiki-micaz.a(packetbuf.o)
 .bss.buflen    0x008003c4        0x2 contiki-micaz.a(packetbuf.o)
 .bss.buframmem_memb_mem
                0x008003c6      0x5f0 contiki-micaz.a(queuebuf.o)
 .bss.buframmem_memb_count
                0x008009b6        0x8 contiki-micaz.a(queuebuf.o)
 .bss.bufmem_memb_mem
                0x008009be       0x10 contiki-micaz.a(queuebuf.o)
 .bss.bufmem_memb_count
                0x008009ce        0x8 contiki-micaz.a(queuebuf.o)
 .bss.seqno.2850
                0x008009d6        0x2 contiki-micaz.a(csma.o)
 .bss.initialized.2849
                0x008009d8        0x1 contiki-micaz.a(csma.o)
 .bss.neighbor_list_list
                0x008009d9        0x2 contiki-micaz.a(csma.o)
 .bss.metadata_memb_memb_mem
                0x008009db       0x28 contiki-micaz.a(csma.o)
 .bss.metadata_memb_memb_count
                0x00800a03        0x8 contiki-micaz.a(csma.o)
 .bss.packet_memb_memb_mem
                0x00800a0b       0x30 contiki-micaz.a(csma.o)
 .bss.packet_memb_memb_count
                0x00800a3b        0x8 contiki-micaz.a(csma.o)
 .bss.neighbor_memb_memb_mem
                0x00800a43       0x34 contiki-micaz.a(csma.o)
 .bss.neighbor_memb_memb_count
                0x00800a77        0x2 contiki-micaz.a(csma.o)
 .bss.colisoes  0x00800a79        0x4 contiki-micaz.a(csma.o)
                0x00800a79                colisoes
 .bss.transmissoes_total
                0x00800a7d        0x4 contiki-micaz.a(csma.o)
                0x00800a7d                transmissoes_total
 .bss.transmissoes_ok
                0x00800a81        0x4 contiki-micaz.a(csma.o)
                0x00800a81                transmissoes_ok
 .bss.CSMA_MIN_BE
                0x00800a85        0x2 contiki-micaz.a(csma.o)
                0x00800a85                CSMA_MIN_BE
 .bss.cpowercycle_ctimer
                0x00800a87       0x10 contiki-micaz.a(cxmac.o)
 .bss.stream_until
                0x00800a97        0x2 contiki-micaz.a(cxmac.o)
 .bss.is_streaming_to_too
                0x00800a99        0x2 contiki-micaz.a(cxmac.o)
 .bss.is_streaming_to
                0x00800a9b        0x2 contiki-micaz.a(cxmac.o)
 .bss.is_streaming
                0x00800a9d        0x1 contiki-micaz.a(cxmac.o)
 .bss.encounter_memb_memb_mem
                0x00800a9e       0x18 contiki-micaz.a(cxmac.o)
 .bss.encounter_memb_memb_count
                0x00800ab6        0x4 contiki-micaz.a(cxmac.o)
 .bss.encounter_list_list
                0x00800aba        0x2 contiki-micaz.a(cxmac.o)
 .bss.current_packet
                0x00800abc        0x8 contiki-micaz.a(cxmac.o)
 .bss.radio_is_on
                0x00800ac4        0x1 contiki-micaz.a(cxmac.o)
 .bss.we_are_sending
                0x00800ac5        0x1 contiki-micaz.a(cxmac.o)
 .bss.someone_is_sending
                0x00800ac6        0x1 contiki-micaz.a(cxmac.o)
 .bss.waiting_for_packet
                0x00800ac7        0x1 contiki-micaz.a(cxmac.o)
 .bss.cxmac_is_on
                0x00800ac8        0x1 contiki-micaz.a(cxmac.o)
 .bss.pt        0x00800ac9        0x2 contiki-micaz.a(cxmac.o)
 .bss.lock_off  0x00800acb        0x1 contiki-micaz.a(cc2420.o)
 .bss.lock_on   0x00800acc        0x1 contiki-micaz.a(cc2420.o)
 .bss.locked    0x00800acd        0x1 contiki-micaz.a(cc2420.o)
 .bss.channel   0x00800ace        0x2 contiki-micaz.a(cc2420.o)
 .bss.receive_on
                0x00800ad0        0x1 contiki-micaz.a(cc2420.o)
 .bss.last_packet_timestamp
                0x00800ad1        0x2 contiki-micaz.a(cc2420.o)
 .bss.last_transmit.2317
                0x00800ad3        0x4 contiki-micaz.a(compower.o)
 .bss.last_listen.2316
                0x00800ad7        0x4 contiki-micaz.a(compower.o)
 .bss.observer_callback
                0x00800adb        0x2 contiki-micaz.a(announcement.o)
 .bss.announcements_list
                0x00800add        0x2 contiki-micaz.a(announcement.o)
 .bss.c         0x00800adf       0x35 contiki-micaz.a(broadcast-annou)
 .bss.initialized
                0x00800b14        0x1 contiki-micaz.a(framer-802154.o)
 .bss.mac_dsn   0x00800b15        0x1 contiki-micaz.a(framer-802154.o)
 *(COMMON)
 COMMON         0x00800b16      0x100 coordenador.co
                0x00800b16                recvd
 COMMON         0x00800c16        0x4 contiki-micaz.a(rs232.o)
                0x00800c16                input_handler_1
                0x00800c18                input_handler_0
 COMMON         0x00800c1a        0x8 contiki-micaz.a(ds2401.o)
                0x00800c1a                ds2401_id
 COMMON         0x00800c22        0x1 contiki-micaz.a(process.o)
                0x00800c22                process_maxevents
 COMMON         0x00800c23        0x2 contiki-micaz.a(linkaddr.o)
                0x00800c23                linkaddr_node_addr
 COMMON         0x00800c25       0x3c contiki-micaz.a(packetbuf.o)
                0x00800c25                packetbuf_addrs
                0x00800c2d                packetbuf_attrs
 COMMON         0x00800c61        0x2 contiki-micaz.a(csma.o)
                0x00800c61                backoff_exponent
 COMMON         0x00800c63        0xd contiki-micaz.a(cc2420.o)
                0x00800c63                cc2420_last_rssi
                0x00800c64                cc2420_sfd_start_time
                0x00800c66                cc2420_time_of_departure
                0x00800c68                cc2420_time_of_arrival
                0x00800c6a                cc2420_last_correlation
                0x00800c6b                cc2420_authority_level_of_sender
                0x00800c6d                cc2420_sfd_counter
                0x00800c6e                cc2420_sfd_end_time
 COMMON         0x00800c70        0x8 contiki-micaz.a(compower.o)
                0x00800c70                compower_idle_activity
 COMMON         0x00800c78        0x6 /usr/lib/gcc/avr/4.8.2/../../../avr/lib/avr51/libc.a(iob.o)
                0x00800c78                __iob
                0x00800c7e                PROVIDE (__bss_end, .)
                0x00004cb6                __data_load_start = LOADADDR (.data)
                0x00004e3a                __data_load_end = (__data_load_start + SIZEOF (.data))

.noinit         0x00800c7e        0x0
                0x00800c7e                PROVIDE (__noinit_start, .)
 *(.noinit*)
                0x00800c7e                PROVIDE (__noinit_end, .)
                0x00800c7e                _end = .
                0x00800c7e                PROVIDE (__heap_start, .)

.eeprom         0x00810000        0x0
 *(.eeprom*)
                0x00810000                __eeprom_end = .

.fuse
 *(.fuse)
 *(.lfuse)
 *(.hfuse)
 *(.efuse)

.lock
 *(.lock*)

.signature
 *(.signature*)

.user_signatures
 *(.user_signatures*)

.stab           0x00000000     0x3288
 *(.stab)
 .stab          0x00000000      0x6cc /usr/lib/gcc/avr/4.8.2/../../../avr/lib/avr51/crtm128.o
 .stab          0x000006cc      0x480 /usr/lib/gcc/avr/4.8.2/../../../avr/lib/avr51/libc.a(rand.o)
                                0x48c (size before relaxing)
 .stab          0x00000b4c       0xb4 /usr/lib/gcc/avr/4.8.2/../../../avr/lib/avr51/libc.a(memcmp.o)
                                 0xc0 (size before relaxing)
 .stab          0x00000c00       0x84 /usr/lib/gcc/avr/4.8.2/../../../avr/lib/avr51/libc.a(memcpy.o)
                                 0x90 (size before relaxing)
 .stab          0x00000c84       0x6c /usr/lib/gcc/avr/4.8.2/../../../avr/lib/avr51/libc.a(memset.o)
                                 0x78 (size before relaxing)
 .stab          0x00000cf0       0x84 /usr/lib/gcc/avr/4.8.2/../../../avr/lib/avr51/libc.a(strcmp.o)
                                 0x90 (size before relaxing)
 .stab          0x00000d74      0x480 /usr/lib/gcc/avr/4.8.2/../../../avr/lib/avr51/libc.a(iob.o)
                                0x48c (size before relaxing)
 .stab          0x000011f4      0x30c /usr/lib/gcc/avr/4.8.2/../../../avr/lib/avr51/libc.a(printf.o)
                                0x4ec (size before relaxing)
 .stab          0x00001500      0x324 /usr/lib/gcc/avr/4.8.2/../../../avr/lib/avr51/libc.a(printf_p.o)
                                0x504 (size before relaxing)
 .stab          0x00001824      0x36c /usr/lib/gcc/avr/4.8.2/../../../avr/lib/avr51/libc.a(puts.o)
                                0x54c (size before relaxing)
 .stab          0x00001b90      0xb70 /usr/lib/gcc/avr/4.8.2/../../../avr/lib/avr51/libc.a(vfprintf_std.o)
                                0xd80 (size before relaxing)
 .stab          0x00002700      0x108 /usr/lib/gcc/avr/4.8.2/../../../avr/lib/avr51/libc.a(eerd_block_atmega128.o)
                                0x114 (size before relaxing)
 .stab          0x00002808       0x9c /usr/lib/gcc/avr/4.8.2/../../../avr/lib/avr51/libc.a(eewr_block_atmega128.o)
                                 0xa8 (size before relaxing)
 .stab          0x000028a4       0xd8 /usr/lib/gcc/avr/4.8.2/../../../avr/lib/avr51/libc.a(eewr_byte_atmega128.o)
                                 0xe4 (size before relaxing)
 .stab          0x0000297c       0x9c /usr/lib/gcc/avr/4.8.2/../../../avr/lib/avr51/libc.a(strnlen_P.o)
                                 0xa8 (size before relaxing)
 .stab          0x00002a18       0x9c /usr/lib/gcc/avr/4.8.2/../../../avr/lib/avr51/libc.a(strnlen.o)
                                 0xa8 (size before relaxing)
 .stab          0x00002ab4      0x354 /usr/lib/gcc/avr/4.8.2/../../../avr/lib/avr51/libc.a(fputc.o)
                                0x534 (size before relaxing)
 .stab          0x00002e08      0x480 /usr/lib/gcc/avr/4.8.2/../../../avr/lib/avr51/libc.a(ultoa_invert.o)
                                0x48c (size before relaxing)

.stabstr        0x00000000     0x1262
 *(.stabstr)
 .stabstr       0x00000000     0x1262 /usr/lib/gcc/avr/4.8.2/../../../avr/lib/avr51/crtm128.o

.stab.excl
 *(.stab.excl)

.stab.exclstr
 *(.stab.exclstr)

.stab.index
 *(.stab.index)

.stab.indexstr
 *(.stab.indexstr)

.comment        0x00000000       0x11
 *(.comment)
 .comment       0x00000000       0x11 coordenador.co
                                 0x12 (size before relaxing)
 .comment       0x00000000       0x12 contiki-micaz.a(rs232.o)
 .comment       0x00000000       0x12 contiki-micaz.a(contiki-micaz-m)
 .comment       0x00000000       0x12 contiki-micaz.a(init-net.o)
 .comment       0x00000000       0x12 contiki-micaz.a(node-id.o)
 .comment       0x00000000       0x12 contiki-micaz.a(clock.o)
 .comment       0x00000000       0x12 contiki-micaz.a(ds2401.o)
 .comment       0x00000000       0x12 contiki-micaz.a(eeprom.o)
 .comment       0x00000000       0x12 contiki-micaz.a(random.o)
 .comment       0x00000000       0x12 contiki-micaz.a(leds.o)
 .comment       0x00000000       0x12 contiki-micaz.a(autostart.o)
 .comment       0x00000000       0x12 contiki-micaz.a(ctimer.o)
 .comment       0x00000000       0x12 contiki-micaz.a(etimer.o)
 .comment       0x00000000       0x12 contiki-micaz.a(process.o)
 .comment       0x00000000       0x12 contiki-micaz.a(rtimer.o)
 .comment       0x00000000       0x12 contiki-micaz.a(timer.o)
 .comment       0x00000000       0x12 contiki-micaz.a(list.o)
 .comment       0x00000000       0x12 contiki-micaz.a(broadcast.o)
 .comment       0x00000000       0x12 contiki-micaz.a(channel.o)
 .comment       0x00000000       0x12 contiki-micaz.a(rime.o)
 .comment       0x00000000       0x12 contiki-micaz.a(unicast.o)
 .comment       0x00000000       0x12 contiki-micaz.a(linkaddr.o)
 .comment       0x00000000       0x12 contiki-micaz.a(packetbuf.o)
 .comment       0x00000000       0x12 contiki-micaz.a(queuebuf.o)
 .comment       0x00000000       0x12 contiki-micaz.a(csma.o)
 .comment       0x00000000       0x12 contiki-micaz.a(mac.o)
 .comment       0x00000000       0x12 contiki-micaz.a(cxmac.o)
 .comment       0x00000000       0x12 contiki-micaz.a(nullsec.o)
 .comment       0x00000000       0x12 contiki-micaz.a(leds-arch.o)
 .comment       0x00000000       0x12 contiki-micaz.a(cc2420.o)
 .comment       0x00000000       0x12 contiki-micaz.a(cc2420-arch.o)
 .comment       0x00000000       0x12 contiki-micaz.a(rtimer-arch.o)
 .comment       0x00000000       0x12 contiki-micaz.a(watchdog.o)
 .comment       0x00000000       0x12 contiki-micaz.a(compower.o)
 .comment       0x00000000       0x12 contiki-micaz.a(energest.o)
 .comment       0x00000000       0x12 contiki-micaz.a(memb.o)
 .comment       0x00000000       0x12 contiki-micaz.a(abc.o)
 .comment       0x00000000       0x12 contiki-micaz.a(announcement.o)
 .comment       0x00000000       0x12 contiki-micaz.a(broadcast-annou)
 .comment       0x00000000       0x12 contiki-micaz.a(chameleon.o)
 .comment       0x00000000       0x12 contiki-micaz.a(framer-802154.o)
 .comment       0x00000000       0x12 contiki-micaz.a(framer.o)
 .comment       0x00000000       0x12 contiki-micaz.a(spi.o)
 .comment       0x00000000       0x12 contiki-micaz.a(chameleon-bitop)
 .comment       0x00000000       0x12 contiki-micaz.a(frame802154.o)
 .comment       0x00000000       0x12 /usr/lib/gcc/avr/4.8.2/../../../avr/lib/avr51/libc.a(rand.o)
 .comment       0x00000000       0x12 /usr/lib/gcc/avr/4.8.2/../../../avr/lib/avr51/libc.a(iob.o)
 .comment       0x00000000       0x12 /usr/lib/gcc/avr/4.8.2/../../../avr/lib/avr51/libc.a(printf.o)
 .comment       0x00000000       0x12 /usr/lib/gcc/avr/4.8.2/../../../avr/lib/avr51/libc.a(printf_p.o)
 .comment       0x00000000       0x12 /usr/lib/gcc/avr/4.8.2/../../../avr/lib/avr51/libc.a(puts.o)
 .comment       0x00000000       0x12 /usr/lib/gcc/avr/4.8.2/../../../avr/lib/avr51/libc.a(vfprintf_std.o)
 .comment       0x00000000       0x12 /usr/lib/gcc/avr/4.8.2/../../../avr/lib/avr51/libc.a(fputc.o)

.debug
 *(.debug)

.line
 *(.line)

.debug_srcinfo
 *(.debug_srcinfo)

.debug_sfnames
 *(.debug_sfnames)

.debug_aranges  0x00000000      0xd78
 *(.debug_aranges)
 .debug_aranges
                0x00000000       0x48 coordenador.co
 .debug_aranges
                0x00000048       0x60 contiki-micaz.a(rs232.o)
 .debug_aranges
                0x000000a8       0x28 contiki-micaz.a(contiki-micaz-m)
 .debug_aranges
                0x000000d0       0x20 contiki-micaz.a(init-net.o)
 .debug_aranges
                0x000000f0       0x28 contiki-micaz.a(node-id.o)
 .debug_aranges
                0x00000118       0x50 contiki-micaz.a(clock.o)
 .debug_aranges
                0x00000168       0x28 contiki-micaz.a(ds2401.o)
 .debug_aranges
                0x00000190       0x28 contiki-micaz.a(eeprom.o)
 .debug_aranges
                0x000001b8       0x28 contiki-micaz.a(random.o)
 .debug_aranges
                0x000001e0       0x50 contiki-micaz.a(leds.o)
 .debug_aranges
                0x00000230       0x28 contiki-micaz.a(autostart.o)
 .debug_aranges
                0x00000258       0x50 contiki-micaz.a(ctimer.o)
 .debug_aranges
                0x000002a8       0x88 contiki-micaz.a(etimer.o)
 .debug_aranges
                0x00000330       0x88 contiki-micaz.a(process.o)
 .debug_aranges
                0x000003b8       0x30 contiki-micaz.a(rtimer.o)
 .debug_aranges
                0x000003e8       0x40 contiki-micaz.a(timer.o)
 .debug_aranges
                0x00000428       0x78 contiki-micaz.a(list.o)
 .debug_aranges
                0x000004a0       0x40 contiki-micaz.a(broadcast.o)
 .debug_aranges
                0x000004e0       0x40 contiki-micaz.a(channel.o)
 .debug_aranges
                0x00000520       0x48 contiki-micaz.a(rime.o)
 .debug_aranges
                0x00000568       0x40 contiki-micaz.a(unicast.o)
 .debug_aranges
                0x000005a8       0x30 contiki-micaz.a(linkaddr.o)
 .debug_aranges
                0x000005d8       0xb0 contiki-micaz.a(packetbuf.o)
 .debug_aranges
                0x00000688       0x78 contiki-micaz.a(queuebuf.o)
 .debug_aranges
                0x00000700       0x80 contiki-micaz.a(csma.o)
 .debug_aranges
                0x00000780       0x20 contiki-micaz.a(mac.o)
 .debug_aranges
                0x000007a0       0x80 contiki-micaz.a(cxmac.o)
 .debug_aranges
                0x00000820       0x40 contiki-micaz.a(nullsec.o)
 .debug_aranges
                0x00000860       0x30 contiki-micaz.a(leds-arch.o)
 .debug_aranges
                0x00000890      0x150 contiki-micaz.a(cc2420.o)
 .debug_aranges
                0x000009e0       0x28 contiki-micaz.a(cc2420-arch.o)
 .debug_aranges
                0x00000a08       0x30 contiki-micaz.a(rtimer-arch.o)
 .debug_aranges
                0x00000a38       0x40 contiki-micaz.a(watchdog.o)
 .debug_aranges
                0x00000a78       0x40 contiki-micaz.a(compower.o)
 .debug_aranges
                0x00000ab8       0x38 contiki-micaz.a(energest.o)
 .debug_aranges
                0x00000af0       0x40 contiki-micaz.a(memb.o)
 .debug_aranges
                0x00000b30       0x40 contiki-micaz.a(abc.o)
 .debug_aranges
                0x00000b70       0x70 contiki-micaz.a(announcement.o)
 .debug_aranges
                0x00000be0       0x60 contiki-micaz.a(broadcast-annou)
 .debug_aranges
                0x00000c40       0x38 contiki-micaz.a(chameleon.o)
 .debug_aranges
                0x00000c78       0x38 contiki-micaz.a(framer-802154.o)
 .debug_aranges
                0x00000cb0       0x20 contiki-micaz.a(framer.o)
 .debug_aranges
                0x00000cd0       0x20 contiki-micaz.a(spi.o)
 .debug_aranges
                0x00000cf0       0x50 contiki-micaz.a(chameleon-bitop)
 .debug_aranges
                0x00000d40       0x38 contiki-micaz.a(frame802154.o)

.debug_pubnames
 *(.debug_pubnames)

.debug_info     0x00000000    0x10d58
 *(.debug_info)
 .debug_info    0x00000000      0x9fb coordenador.co
 .debug_info    0x000009fb      0x44a contiki-micaz.a(rs232.o)
 .debug_info    0x00000e45      0x4c7 contiki-micaz.a(contiki-micaz-m)
 .debug_info    0x0000130c      0x593 contiki-micaz.a(init-net.o)
 .debug_info    0x0000189f      0x1c3 contiki-micaz.a(node-id.o)
 .debug_info    0x00001a62      0x241 contiki-micaz.a(clock.o)
 .debug_info    0x00001ca3      0x3de contiki-micaz.a(ds2401.o)
 .debug_info    0x00002081      0x1a3 contiki-micaz.a(eeprom.o)
 .debug_info    0x00002224       0xf7 contiki-micaz.a(random.o)
 .debug_info    0x0000231b      0x311 contiki-micaz.a(leds.o)
 .debug_info    0x0000262c      0x1e9 contiki-micaz.a(autostart.o)
 .debug_info    0x00002815      0x732 contiki-micaz.a(ctimer.o)
 .debug_info    0x00002f47      0x6cf contiki-micaz.a(etimer.o)
 .debug_info    0x00003616      0x754 contiki-micaz.a(process.o)
 .debug_info    0x00003d6a      0x20e contiki-micaz.a(rtimer.o)
 .debug_info    0x00003f78      0x1c3 contiki-micaz.a(timer.o)
 .debug_info    0x0000413b      0x3de contiki-micaz.a(list.o)
 .debug_info    0x00004519      0x6f7 contiki-micaz.a(broadcast.o)
 .debug_info    0x00004c10      0x437 contiki-micaz.a(channel.o)
 .debug_info    0x00005047      0x797 contiki-micaz.a(rime.o)
 .debug_info    0x000057de      0x7fc contiki-micaz.a(unicast.o)
 .debug_info    0x00005fda      0x212 contiki-micaz.a(linkaddr.o)
 .debug_info    0x000061ec      0x729 contiki-micaz.a(packetbuf.o)
 .debug_info    0x00006915      0x97e contiki-micaz.a(queuebuf.o)
 .debug_info    0x00007293     0x165b contiki-micaz.a(csma.o)
 .debug_info    0x000088ee      0x148 contiki-micaz.a(mac.o)
 .debug_info    0x00008a36     0x18e6 contiki-micaz.a(cxmac.o)
 .debug_info    0x0000a31c      0x514 contiki-micaz.a(nullsec.o)
 .debug_info    0x0000a830       0xca contiki-micaz.a(leds-arch.o)
 .debug_info    0x0000a8fa     0x1f1f contiki-micaz.a(cc2420.o)
 .debug_info    0x0000c819      0x19e contiki-micaz.a(cc2420-arch.o)
 .debug_info    0x0000c9b7      0x11c contiki-micaz.a(rtimer-arch.o)
 .debug_info    0x0000cad3       0xe6 contiki-micaz.a(watchdog.o)
 .debug_info    0x0000cbb9      0x4bc contiki-micaz.a(compower.o)
 .debug_info    0x0000d075      0x10b contiki-micaz.a(energest.o)
 .debug_info    0x0000d180      0x259 contiki-micaz.a(memb.o)
 .debug_info    0x0000d3d9      0x56e contiki-micaz.a(abc.o)
 .debug_info    0x0000d947      0x5d4 contiki-micaz.a(announcement.o)
 .debug_info    0x0000df1b      0xb9e contiki-micaz.a(broadcast-annou)
 .debug_info    0x0000eab9      0x46b contiki-micaz.a(chameleon.o)
 .debug_info    0x0000ef24      0x9f9 contiki-micaz.a(framer-802154.o)
 .debug_info    0x0000f91d      0x2d6 contiki-micaz.a(framer.o)
 .debug_info    0x0000fbf3       0x9c contiki-micaz.a(spi.o)
 .debug_info    0x0000fc8f      0xad1 contiki-micaz.a(chameleon-bitop)
 .debug_info    0x00010760      0x5f8 contiki-micaz.a(frame802154.o)
 *(.gnu.linkonce.wi.*)

.debug_abbrev   0x00000000     0x5c90
 *(.debug_abbrev)
 .debug_abbrev  0x00000000      0x2c3 coordenador.co
 .debug_abbrev  0x000002c3      0x243 contiki-micaz.a(rs232.o)
 .debug_abbrev  0x00000506      0x1fd contiki-micaz.a(contiki-micaz-m)
 .debug_abbrev  0x00000703      0x236 contiki-micaz.a(init-net.o)
 .debug_abbrev  0x00000939       0xdb contiki-micaz.a(node-id.o)
 .debug_abbrev  0x00000a14      0x156 contiki-micaz.a(clock.o)
 .debug_abbrev  0x00000b6a      0x196 contiki-micaz.a(ds2401.o)
 .debug_abbrev  0x00000d00       0xcb contiki-micaz.a(eeprom.o)
 .debug_abbrev  0x00000dcb       0xc6 contiki-micaz.a(random.o)
 .debug_abbrev  0x00000e91      0x18d contiki-micaz.a(leds.o)
 .debug_abbrev  0x0000101e      0x129 contiki-micaz.a(autostart.o)
 .debug_abbrev  0x00001147      0x24f contiki-micaz.a(ctimer.o)
 .debug_abbrev  0x00001396      0x32d contiki-micaz.a(etimer.o)
 .debug_abbrev  0x000016c3      0x388 contiki-micaz.a(process.o)
 .debug_abbrev  0x00001a4b      0x17e contiki-micaz.a(rtimer.o)
 .debug_abbrev  0x00001bc9       0xfb contiki-micaz.a(timer.o)
 .debug_abbrev  0x00001cc4      0x1a6 contiki-micaz.a(list.o)
 .debug_abbrev  0x00001e6a      0x293 contiki-micaz.a(broadcast.o)
 .debug_abbrev  0x000020fd      0x1f5 contiki-micaz.a(channel.o)
 .debug_abbrev  0x000022f2      0x29c contiki-micaz.a(rime.o)
 .debug_abbrev  0x0000258e      0x300 contiki-micaz.a(unicast.o)
 .debug_abbrev  0x0000288e      0x13e contiki-micaz.a(linkaddr.o)
 .debug_abbrev  0x000029cc      0x2fc contiki-micaz.a(packetbuf.o)
 .debug_abbrev  0x00002cc8      0x2d9 contiki-micaz.a(queuebuf.o)
 .debug_abbrev  0x00002fa1      0x4ee contiki-micaz.a(csma.o)
 .debug_abbrev  0x0000348f       0xc0 contiki-micaz.a(mac.o)
 .debug_abbrev  0x0000354f      0x4b3 contiki-micaz.a(cxmac.o)
 .debug_abbrev  0x00003a02      0x224 contiki-micaz.a(nullsec.o)
 .debug_abbrev  0x00003c26       0x92 contiki-micaz.a(leds-arch.o)
 .debug_abbrev  0x00003cb8      0x576 contiki-micaz.a(cc2420.o)
 .debug_abbrev  0x0000422e      0x118 contiki-micaz.a(cc2420-arch.o)
 .debug_abbrev  0x00004346       0xa7 contiki-micaz.a(rtimer-arch.o)
 .debug_abbrev  0x000043ed       0x51 contiki-micaz.a(watchdog.o)
 .debug_abbrev  0x0000443e      0x284 contiki-micaz.a(compower.o)
 .debug_abbrev  0x000046c2       0x98 contiki-micaz.a(energest.o)
 .debug_abbrev  0x0000475a      0x11c contiki-micaz.a(memb.o)
 .debug_abbrev  0x00004876      0x1fd contiki-micaz.a(abc.o)
 .debug_abbrev  0x00004a73      0x209 contiki-micaz.a(announcement.o)
 .debug_abbrev  0x00004c7c      0x33e contiki-micaz.a(broadcast-annou)
 .debug_abbrev  0x00004fba      0x23d contiki-micaz.a(chameleon.o)
 .debug_abbrev  0x000051f7      0x32c contiki-micaz.a(framer-802154.o)
 .debug_abbrev  0x00005523      0x16b contiki-micaz.a(framer.o)
 .debug_abbrev  0x0000568e       0x62 contiki-micaz.a(spi.o)
 .debug_abbrev  0x000056f0      0x3af contiki-micaz.a(chameleon-bitop)
 .debug_abbrev  0x00005a9f      0x1f1 contiki-micaz.a(frame802154.o)

.debug_line     0x00000000     0x406c
 *(.debug_line)
 .debug_line    0x00000000      0x23a coordenador.co
 .debug_line    0x0000023a      0x147 contiki-micaz.a(rs232.o)
 .debug_line    0x00000381      0x1f1 contiki-micaz.a(contiki-micaz-m)
 .debug_line    0x00000572      0x168 contiki-micaz.a(init-net.o)
 .debug_line    0x000006da       0xa1 contiki-micaz.a(node-id.o)
 .debug_line    0x0000077b      0x162 contiki-micaz.a(clock.o)
 .debug_line    0x000008dd      0x10a contiki-micaz.a(ds2401.o)
 .debug_line    0x000009e7       0xf4 contiki-micaz.a(eeprom.o)
 .debug_line    0x00000adb       0x79 contiki-micaz.a(random.o)
 .debug_line    0x00000b54       0xf3 contiki-micaz.a(leds.o)
 .debug_line    0x00000c47       0x93 contiki-micaz.a(autostart.o)
 .debug_line    0x00000cda      0x19a contiki-micaz.a(ctimer.o)
 .debug_line    0x00000e74      0x211 contiki-micaz.a(etimer.o)
 .debug_line    0x00001085      0x1ea contiki-micaz.a(process.o)
 .debug_line    0x0000126f       0x81 contiki-micaz.a(rtimer.o)
 .debug_line    0x000012f0       0xd3 contiki-micaz.a(timer.o)
 .debug_line    0x000013c3      0x15c contiki-micaz.a(list.o)
 .debug_line    0x0000151f      0x11e contiki-micaz.a(broadcast.o)
 .debug_line    0x0000163d      0x129 contiki-micaz.a(channel.o)
 .debug_line    0x00001766      0x215 contiki-micaz.a(rime.o)
 .debug_line    0x0000197b      0x12c contiki-micaz.a(unicast.o)
 .debug_line    0x00001aa7       0xd3 contiki-micaz.a(linkaddr.o)
 .debug_line    0x00001b7a      0x205 contiki-micaz.a(packetbuf.o)
 .debug_line    0x00001d7f      0x198 contiki-micaz.a(queuebuf.o)
 .debug_line    0x00001f17      0x350 contiki-micaz.a(csma.o)
 .debug_line    0x00002267       0x55 contiki-micaz.a(mac.o)
 .debug_line    0x000022bc      0x441 contiki-micaz.a(cxmac.o)
 .debug_line    0x000026fd      0x125 contiki-micaz.a(nullsec.o)
 .debug_line    0x00002822       0xbb contiki-micaz.a(leds-arch.o)
 .debug_line    0x000028dd      0x657 contiki-micaz.a(cc2420.o)
 .debug_line    0x00002f34       0xff contiki-micaz.a(cc2420-arch.o)
 .debug_line    0x00003033       0xc7 contiki-micaz.a(rtimer-arch.o)
 .debug_line    0x000030fa       0xb0 contiki-micaz.a(watchdog.o)
 .debug_line    0x000031aa      0x120 contiki-micaz.a(compower.o)
 .debug_line    0x000032ca       0x7b contiki-micaz.a(energest.o)
 .debug_line    0x00003345       0xd9 contiki-micaz.a(memb.o)
 .debug_line    0x0000341e      0x105 contiki-micaz.a(abc.o)
 .debug_line    0x00003523      0x18a contiki-micaz.a(announcement.o)
 .debug_line    0x000036ad      0x270 contiki-micaz.a(broadcast-annou)
 .debug_line    0x0000391d      0x10c contiki-micaz.a(chameleon.o)
 .debug_line    0x00003a29      0x17b contiki-micaz.a(framer-802154.o)
 .debug_line    0x00003ba4       0xe7 contiki-micaz.a(framer.o)
 .debug_line    0x00003c8b       0x6a contiki-micaz.a(spi.o)
 .debug_line    0x00003cf5      0x1e8 contiki-micaz.a(chameleon-bitop)
 .debug_line    0x00003edd      0x18f contiki-micaz.a(frame802154.o)

.debug_frame    0x00000000     0x21b8
 *(.debug_frame)
 .debug_frame   0x00000000      0x110 coordenador.co
 .debug_frame   0x00000110      0x14c contiki-micaz.a(rs232.o)
 .debug_frame   0x0000025c       0x44 contiki-micaz.a(contiki-micaz-m)
 .debug_frame   0x000002a0       0x48 contiki-micaz.a(init-net.o)
 .debug_frame   0x000002e8       0x54 contiki-micaz.a(node-id.o)
 .debug_frame   0x0000033c       0xec contiki-micaz.a(clock.o)
 .debug_frame   0x00000428       0x58 contiki-micaz.a(ds2401.o)
 .debug_frame   0x00000480       0x34 contiki-micaz.a(eeprom.o)
 .debug_frame   0x000004b4       0x34 contiki-micaz.a(random.o)
 .debug_frame   0x000004e8       0x8c contiki-micaz.a(leds.o)
 .debug_frame   0x00000574       0x4c contiki-micaz.a(autostart.o)
 .debug_frame   0x000005c0       0xf8 contiki-micaz.a(ctimer.o)
 .debug_frame   0x000006b8      0x150 contiki-micaz.a(etimer.o)
 .debug_frame   0x00000808      0x148 contiki-micaz.a(process.o)
 .debug_frame   0x00000950       0x50 contiki-micaz.a(rtimer.o)
 .debug_frame   0x000009a0       0x94 contiki-micaz.a(timer.o)
 .debug_frame   0x00000a34       0xfc contiki-micaz.a(list.o)
 .debug_frame   0x00000b30       0xac contiki-micaz.a(broadcast.o)
 .debug_frame   0x00000bdc       0x84 contiki-micaz.a(channel.o)
 .debug_frame   0x00000c60       0xc4 contiki-micaz.a(rime.o)
 .debug_frame   0x00000d24       0xa4 contiki-micaz.a(unicast.o)
 .debug_frame   0x00000dc8       0x44 contiki-micaz.a(linkaddr.o)
 .debug_frame   0x00000e0c      0x1b8 contiki-micaz.a(packetbuf.o)
 .debug_frame   0x00000fc4      0x118 contiki-micaz.a(queuebuf.o)
 .debug_frame   0x000010dc      0x198 contiki-micaz.a(csma.o)
 .debug_frame   0x00001274       0x24 contiki-micaz.a(mac.o)
 .debug_frame   0x00001298      0x174 contiki-micaz.a(cxmac.o)
 .debug_frame   0x0000140c       0x64 contiki-micaz.a(nullsec.o)
 .debug_frame   0x00001470       0x44 contiki-micaz.a(leds-arch.o)
 .debug_frame   0x000014b4      0x3c8 contiki-micaz.a(cc2420.o)
 .debug_frame   0x0000187c       0x7c contiki-micaz.a(cc2420-arch.o)
 .debug_frame   0x000018f8       0x8c contiki-micaz.a(rtimer-arch.o)
 .debug_frame   0x00001984       0x64 contiki-micaz.a(watchdog.o)
 .debug_frame   0x000019e8       0x8c contiki-micaz.a(compower.o)
 .debug_frame   0x00001a74       0x54 contiki-micaz.a(energest.o)
 .debug_frame   0x00001ac8       0x70 contiki-micaz.a(memb.o)
 .debug_frame   0x00001b38       0x84 contiki-micaz.a(abc.o)
 .debug_frame   0x00001bbc      0x10c contiki-micaz.a(announcement.o)
 .debug_frame   0x00001cc8      0x11c contiki-micaz.a(broadcast-annou)
 .debug_frame   0x00001de4       0x60 contiki-micaz.a(chameleon.o)
 .debug_frame   0x00001e44       0xa0 contiki-micaz.a(framer-802154.o)
 .debug_frame   0x00001ee4       0x30 contiki-micaz.a(framer.o)
 .debug_frame   0x00001f14       0x24 contiki-micaz.a(spi.o)
 .debug_frame   0x00001f38      0x190 contiki-micaz.a(chameleon-bitop)
 .debug_frame   0x000020c8       0xf0 contiki-micaz.a(frame802154.o)

.debug_str      0x00000000     0x34ad
 *(.debug_str)
 .debug_str     0x00000000      0x3d5 coordenador.co
                                0x491 (size before relaxing)
 .debug_str     0x000003d5      0x14a contiki-micaz.a(rs232.o)
                                0x24e (size before relaxing)
 .debug_str     0x0000051f      0x100 contiki-micaz.a(contiki-micaz-m)
                                0x334 (size before relaxing)
 .debug_str     0x0000061f      0x134 contiki-micaz.a(init-net.o)
                                0x2e0 (size before relaxing)
 .debug_str     0x00000753       0x4f contiki-micaz.a(node-id.o)
                                0x1b8 (size before relaxing)
 .debug_str     0x000007a2       0x9c contiki-micaz.a(clock.o)
                                0x1ff (size before relaxing)
 .debug_str     0x0000083e       0x62 contiki-micaz.a(ds2401.o)
                                0x1d8 (size before relaxing)
 .debug_str     0x000008a0       0x57 contiki-micaz.a(eeprom.o)
                                0x1ba (size before relaxing)
 .debug_str     0x000008f7       0x32 contiki-micaz.a(random.o)
                                0x16d (size before relaxing)
 .debug_str     0x00000929       0x81 contiki-micaz.a(leds.o)
                                0x1e9 (size before relaxing)
 .debug_str     0x000009aa       0x3a contiki-micaz.a(autostart.o)
                                0x1d9 (size before relaxing)
 .debug_str     0x000009e4      0x118 contiki-micaz.a(ctimer.o)
                                0x320 (size before relaxing)
 .debug_str     0x00000afc       0xeb contiki-micaz.a(etimer.o)
                                0x36a (size before relaxing)
 .debug_str     0x00000be7      0x11d contiki-micaz.a(process.o)
                                0x30f (size before relaxing)
 .debug_str     0x00000d04       0xe4 contiki-micaz.a(rtimer.o)
                                0x22b (size before relaxing)
 .debug_str     0x00000de8       0x2a contiki-micaz.a(timer.o)
                                0x1b8 (size before relaxing)
 .debug_str     0x00000e12       0x7b contiki-micaz.a(list.o)
                                0x176 (size before relaxing)
 .debug_str     0x00000e8d      0x396 contiki-micaz.a(broadcast.o)
                                0x634 (size before relaxing)
 .debug_str     0x00001223       0x89 contiki-micaz.a(channel.o)
                                0x2c7 (size before relaxing)
 .debug_str     0x000012ac      0x1c4 contiki-micaz.a(rime.o)
                                0x466 (size before relaxing)
 .debug_str     0x00001470       0x6f contiki-micaz.a(unicast.o)
                                0x67d (size before relaxing)
 .debug_str     0x000014df       0x3e contiki-micaz.a(linkaddr.o)
                                0x1d6 (size before relaxing)
 .debug_str     0x0000151d      0x194 contiki-micaz.a(packetbuf.o)
                                0x6db (size before relaxing)
 .debug_str     0x000016b1      0x1cc contiki-micaz.a(queuebuf.o)
                                0x70f (size before relaxing)
 .debug_str     0x0000187d      0x3c1 contiki-micaz.a(csma.o)
                                0xba2 (size before relaxing)
 .debug_str     0x00001c3e       0x1c contiki-micaz.a(mac.o)
                                0x1d8 (size before relaxing)
 .debug_str     0x00001c5a      0x431 contiki-micaz.a(cxmac.o)
                                0xcd5 (size before relaxing)
 .debug_str     0x0000208b       0x32 contiki-micaz.a(nullsec.o)
                                0x5cc (size before relaxing)
 .debug_str     0x000020bd       0x28 contiki-micaz.a(leds-arch.o)
                                0x18a (size before relaxing)
 .debug_str     0x000020e5      0x9ac contiki-micaz.a(cc2420.o)
                               0x117d (size before relaxing)
 .debug_str     0x00002a91       0x3e contiki-micaz.a(cc2420-arch.o)
                                0x208 (size before relaxing)
 .debug_str     0x00002acf       0x2d contiki-micaz.a(rtimer-arch.o)
                                0x1b7 (size before relaxing)
 .debug_str     0x00002afc       0x4e contiki-micaz.a(watchdog.o)
                                0x193 (size before relaxing)
 .debug_str     0x00002b4a      0x1a8 contiki-micaz.a(compower.o)
                                0x6eb (size before relaxing)
 .debug_str     0x00002cf2       0x3d contiki-micaz.a(energest.o)
                                0x18e (size before relaxing)
 .debug_str     0x00002d2f       0x2e contiki-micaz.a(memb.o)
                                0x1ae (size before relaxing)
 .debug_str     0x00002d5d       0x1d contiki-micaz.a(abc.o)
                                0x5c2 (size before relaxing)
 .debug_str     0x00002d7a      0x1a2 contiki-micaz.a(announcement.o)
                                0x38f (size before relaxing)
 .debug_str     0x00002f1c      0x168 contiki-micaz.a(broadcast-annou)
                                0x5b7 (size before relaxing)
 .debug_str     0x00003084       0x45 contiki-micaz.a(chameleon.o)
                                0x5a8 (size before relaxing)
 .debug_str     0x000030c9      0x23c contiki-micaz.a(framer-802154.o)
                                0x82d (size before relaxing)
 .debug_str     0x00003305       0x42 contiki-micaz.a(framer.o)
                                0x2ba (size before relaxing)
 .debug_str     0x00003347       0x22 contiki-micaz.a(spi.o)
                                0x15d (size before relaxing)
 .debug_str     0x00003369       0xc7 contiki-micaz.a(chameleon-bitop)
                                0x6a0 (size before relaxing)
 .debug_str     0x00003430       0x7d contiki-micaz.a(frame802154.o)
                                0x3cf (size before relaxing)

.debug_loc      0x00000000     0x972a
 *(.debug_loc)
 .debug_loc     0x00000000      0x415 coordenador.co
 .debug_loc     0x00000415      0x3e3 contiki-micaz.a(rs232.o)
 .debug_loc     0x000007f8       0x56 contiki-micaz.a(contiki-micaz-m)
 .debug_loc     0x0000084e       0xd7 contiki-micaz.a(init-net.o)
 .debug_loc     0x00000925       0xc2 contiki-micaz.a(node-id.o)
 .debug_loc     0x000009e7      0x1ee contiki-micaz.a(clock.o)
 .debug_loc     0x00000bd5      0x50d contiki-micaz.a(ds2401.o)
 .debug_loc     0x000010e2      0x124 contiki-micaz.a(eeprom.o)
 .debug_loc     0x00001206       0x26 contiki-micaz.a(random.o)
 .debug_loc     0x0000122c      0x17a contiki-micaz.a(leds.o)
 .debug_loc     0x000013a6       0xaa contiki-micaz.a(autostart.o)
 .debug_loc     0x00001450      0x5b9 contiki-micaz.a(ctimer.o)
 .debug_loc     0x00001a09      0x5bb contiki-micaz.a(etimer.o)
 .debug_loc     0x00001fc4      0x5e6 contiki-micaz.a(process.o)
 .debug_loc     0x000025aa      0x149 contiki-micaz.a(rtimer.o)
 .debug_loc     0x000026f3      0x20e contiki-micaz.a(timer.o)
 .debug_loc     0x00002901      0x472 contiki-micaz.a(list.o)
 .debug_loc     0x00002d73      0x32f contiki-micaz.a(broadcast.o)
 .debug_loc     0x000030a2      0x204 contiki-micaz.a(channel.o)
 .debug_loc     0x000032a6      0x380 contiki-micaz.a(rime.o)
 .debug_loc     0x00003626      0x48e contiki-micaz.a(unicast.o)
 .debug_loc     0x00003ab4       0x82 contiki-micaz.a(linkaddr.o)
 .debug_loc     0x00003b36      0x3e3 contiki-micaz.a(packetbuf.o)
 .debug_loc     0x00003f19      0x3d2 contiki-micaz.a(queuebuf.o)
 .debug_loc     0x000042eb      0xc08 contiki-micaz.a(csma.o)
 .debug_loc     0x00004ef3      0x108 contiki-micaz.a(mac.o)
 .debug_loc     0x00004ffb      0xac7 contiki-micaz.a(cxmac.o)
 .debug_loc     0x00005ac2       0x72 contiki-micaz.a(nullsec.o)
 .debug_loc     0x00005b34       0x21 contiki-micaz.a(leds-arch.o)
 .debug_loc     0x00005b55     0x11b4 contiki-micaz.a(cc2420.o)
 .debug_loc     0x00006d09       0xcb contiki-micaz.a(cc2420-arch.o)
 .debug_loc     0x00006dd4       0xfd contiki-micaz.a(rtimer-arch.o)
 .debug_loc     0x00006ed1      0x15c contiki-micaz.a(compower.o)
 .debug_loc     0x0000702d      0x1eb contiki-micaz.a(memb.o)
 .debug_loc     0x00007218      0x248 contiki-micaz.a(abc.o)
 .debug_loc     0x00007460      0x46f contiki-micaz.a(announcement.o)
 .debug_loc     0x000078cf      0x5eb contiki-micaz.a(broadcast-annou)
 .debug_loc     0x00007eba      0x10b contiki-micaz.a(chameleon.o)
 .debug_loc     0x00007fc5      0x253 contiki-micaz.a(framer-802154.o)
 .debug_loc     0x00008218       0x57 contiki-micaz.a(framer.o)
 .debug_loc     0x0000826f      0xb96 contiki-micaz.a(chameleon-bitop)
 .debug_loc     0x00008e05      0x925 contiki-micaz.a(frame802154.o)

.debug_macinfo
 *(.debug_macinfo)

.debug_pubtypes
 *(.debug_pubtypes)

.debug_ranges   0x00000000      0xd18
 *(.debug_ranges)
 .debug_ranges  0x00000000       0x38 coordenador.co
 .debug_ranges  0x00000038       0x50 contiki-micaz.a(rs232.o)
 .debug_ranges  0x00000088       0x18 contiki-micaz.a(contiki-micaz-m)
 .debug_ranges  0x000000a0       0x10 contiki-micaz.a(init-net.o)
 .debug_ranges  0x000000b0       0x18 contiki-micaz.a(node-id.o)
 .debug_ranges  0x000000c8       0x40 contiki-micaz.a(clock.o)
 .debug_ranges  0x00000108       0xc0 contiki-micaz.a(ds2401.o)
 .debug_ranges  0x000001c8       0x18 contiki-micaz.a(eeprom.o)
 .debug_ranges  0x000001e0       0x18 contiki-micaz.a(random.o)
 .debug_ranges  0x000001f8       0x40 contiki-micaz.a(leds.o)
 .debug_ranges  0x00000238       0x18 contiki-micaz.a(autostart.o)
 .debug_ranges  0x00000250       0x40 contiki-micaz.a(ctimer.o)
 .debug_ranges  0x00000290       0xa8 contiki-micaz.a(etimer.o)
 .debug_ranges  0x00000338       0x78 contiki-micaz.a(process.o)
 .debug_ranges  0x000003b0       0x20 contiki-micaz.a(rtimer.o)
 .debug_ranges  0x000003d0       0x30 contiki-micaz.a(timer.o)
 .debug_ranges  0x00000400       0x68 contiki-micaz.a(list.o)
 .debug_ranges  0x00000468       0x30 contiki-micaz.a(broadcast.o)
 .debug_ranges  0x00000498       0x30 contiki-micaz.a(channel.o)
 .debug_ranges  0x000004c8       0x38 contiki-micaz.a(rime.o)
 .debug_ranges  0x00000500       0x48 contiki-micaz.a(unicast.o)
 .debug_ranges  0x00000548       0x20 contiki-micaz.a(linkaddr.o)
 .debug_ranges  0x00000568       0xa0 contiki-micaz.a(packetbuf.o)
 .debug_ranges  0x00000608       0x80 contiki-micaz.a(queuebuf.o)
 .debug_ranges  0x00000688       0xb8 contiki-micaz.a(csma.o)
 .debug_ranges  0x00000740       0x10 contiki-micaz.a(mac.o)
 .debug_ranges  0x00000750      0x118 contiki-micaz.a(cxmac.o)
 .debug_ranges  0x00000868       0x30 contiki-micaz.a(nullsec.o)
 .debug_ranges  0x00000898       0x20 contiki-micaz.a(leds-arch.o)
 .debug_ranges  0x000008b8      0x140 contiki-micaz.a(cc2420.o)
 .debug_ranges  0x000009f8       0x18 contiki-micaz.a(cc2420-arch.o)
 .debug_ranges  0x00000a10       0x20 contiki-micaz.a(rtimer-arch.o)
 .debug_ranges  0x00000a30       0x30 contiki-micaz.a(watchdog.o)
 .debug_ranges  0x00000a60       0x60 contiki-micaz.a(compower.o)
 .debug_ranges  0x00000ac0       0x28 contiki-micaz.a(energest.o)
 .debug_ranges  0x00000ae8       0x30 contiki-micaz.a(memb.o)
 .debug_ranges  0x00000b18       0x30 contiki-micaz.a(abc.o)
 .debug_ranges  0x00000b48       0x60 contiki-micaz.a(announcement.o)
 .debug_ranges  0x00000ba8       0x68 contiki-micaz.a(broadcast-annou)
 .debug_ranges  0x00000c10       0x28 contiki-micaz.a(chameleon.o)
 .debug_ranges  0x00000c38       0x28 contiki-micaz.a(framer-802154.o)
 .debug_ranges  0x00000c60       0x10 contiki-micaz.a(framer.o)
 .debug_ranges  0x00000c70       0x10 contiki-micaz.a(spi.o)
 .debug_ranges  0x00000c80       0x70 contiki-micaz.a(chameleon-bitop)
 .debug_ranges  0x00000cf0       0x28 contiki-micaz.a(frame802154.o)

.debug_macro
 *(.debug_macro)
OUTPUT(coordenador.micaz elf32-avr)
LOAD linker stubs

.bootloader     0x0001f800        0x0